Component: ARM Compiler 5.06 update 7 (build 960) Tool: armlink [4d3601]

==============================================================================

Section Cross References

    startup_stm32f746xx.o(STACK) refers (Special) to heapauxi.o(.text) for __use_two_region_memory
    startup_stm32f746xx.o(HEAP) refers (Special) to heapauxi.o(.text) for __use_two_region_memory
    startup_stm32f746xx.o(RESET) refers (Special) to heapauxi.o(.text) for __use_two_region_memory
    startup_stm32f746xx.o(RESET) refers to startup_stm32f746xx.o(STACK) for __initial_sp
    startup_stm32f746xx.o(RESET) refers to startup_stm32f746xx.o(.text) for Reset_Handler
    startup_stm32f746xx.o(RESET) refers to stm32f7xx_it.o(i.NMI_Handler) for NMI_Handler
    startup_stm32f746xx.o(RESET) refers to stm32f7xx_it.o(i.HardFault_Handler) for HardFault_Handler
    startup_stm32f746xx.o(RESET) refers to stm32f7xx_it.o(i.MemManage_Handler) for MemManage_Handler
    startup_stm32f746xx.o(RESET) refers to stm32f7xx_it.o(i.BusFault_Handler) for BusFault_Handler
    startup_stm32f746xx.o(RESET) refers to stm32f7xx_it.o(i.UsageFault_Handler) for UsageFault_Handler
    startup_stm32f746xx.o(RESET) refers to stm32f7xx_it.o(i.SVC_Handler) for SVC_Handler
    startup_stm32f746xx.o(RESET) refers to stm32f7xx_it.o(i.DebugMon_Handler) for DebugMon_Handler
    startup_stm32f746xx.o(RESET) refers to stm32f7xx_it.o(i.PendSV_Handler) for PendSV_Handler
    startup_stm32f746xx.o(RESET) refers to stm32f7xx_it.o(i.SysTick_Handler) for SysTick_Handler
    startup_stm32f746xx.o(RESET) refers to stm32f7xx_it.o(i.RCC_IRQHandler) for RCC_IRQHandler
    startup_stm32f746xx.o(.text) refers (Special) to heapauxi.o(.text) for __use_two_region_memory
    startup_stm32f746xx.o(.text) refers to system_stm32f7xx.o(i.SystemInit) for SystemInit
    startup_stm32f746xx.o(.text) refers to __main.o(!!!main) for __main
    startup_stm32f746xx.o(.text) refers to startup_stm32f746xx.o(HEAP) for Heap_Mem
    startup_stm32f746xx.o(.text) refers to startup_stm32f746xx.o(STACK) for Stack_Mem
    main.o(i.MX_USART1_UART_Init) refers to stm32f7xx_hal_uart.o(i.HAL_UART_Init) for HAL_UART_Init
    main.o(i.MX_USART1_UART_Init) refers to main.o(.bss) for .bss
    main.o(i.SystemClock_Config) refers to rt_memclr_w.o(.text) for __aeabi_memclr4
    main.o(i.SystemClock_Config) refers to stm32f7xx_hal_rcc.o(i.HAL_RCC_OscConfig) for HAL_RCC_OscConfig
    main.o(i.SystemClock_Config) refers to stm32f7xx_hal_pwr_ex.o(i.HAL_PWREx_EnableOverDrive) for HAL_PWREx_EnableOverDrive
    main.o(i.SystemClock_Config) refers to stm32f7xx_hal_rcc.o(i.HAL_RCC_ClockConfig) for HAL_RCC_ClockConfig
    main.o(i.SystemClock_Config) refers to stm32f7xx_hal_rcc_ex.o(i.HAL_RCCEx_PeriphCLKConfig) for HAL_RCCEx_PeriphCLKConfig
    main.o(i.main) refers to _printf_percent.o(.ARM.Collect$$_printf_percent$$00000000) for _printf_percent
    main.o(i.main) refers to _printf_d.o(.ARM.Collect$$_printf_percent$$00000009) for _printf_d
    main.o(i.main) refers to _printf_dec.o(.text) for _printf_int_dec
    main.o(i.main) refers to stm32f7xx_hal.o(i.HAL_Init) for HAL_Init
    main.o(i.main) refers to main.o(i.SystemClock_Config) for SystemClock_Config
    main.o(i.main) refers to main.o(i.MX_USART1_UART_Init) for MX_USART1_UART_Init
    main.o(i.main) refers to noretval__2printf.o(.text) for __2printf
    main.o(i.main) refers to stm32f7xx_hal.o(i.HAL_Delay) for HAL_Delay
    main.o(i.stdout_putchar) refers to stm32f7xx_hal_uart.o(i.HAL_UART_Transmit) for HAL_UART_Transmit
    main.o(i.stdout_putchar) refers to main.o(.bss) for .bss
    stm32f7xx_it.o(i.SysTick_Handler) refers to stm32f7xx_hal.o(i.HAL_IncTick) for HAL_IncTick
    stm32f7xx_hal_msp.o(i.HAL_MspInit) refers to stm32f7xx_hal_cortex.o(i.HAL_NVIC_SetPriority) for HAL_NVIC_SetPriority
    stm32f7xx_hal_msp.o(i.HAL_MspInit) refers to stm32f7xx_hal_cortex.o(i.HAL_NVIC_EnableIRQ) for HAL_NVIC_EnableIRQ
    stm32f7xx_hal_msp.o(i.HAL_UART_MspDeInit) refers to stm32f7xx_hal_gpio.o(i.HAL_GPIO_DeInit) for HAL_GPIO_DeInit
    stm32f7xx_hal_msp.o(i.HAL_UART_MspInit) refers to rt_memclr_w.o(.text) for __aeabi_memclr4
    stm32f7xx_hal_msp.o(i.HAL_UART_MspInit) refers to stm32f7xx_hal_gpio.o(i.HAL_GPIO_Init) for HAL_GPIO_Init
    stm32f7xx_hal_cortex.o(i.HAL_NVIC_SetPriority) refers to stm32f7xx_hal_cortex.o(i.__NVIC_SetPriority) for __NVIC_SetPriority
    stm32f7xx_hal_cortex.o(i.HAL_SYSTICK_Config) refers to stm32f7xx_hal_cortex.o(i.__NVIC_SetPriority) for __NVIC_SetPriority
    stm32f7xx_hal_cortex.o(i.HAL_SYSTICK_IRQHandler) refers to stm32f7xx_hal_cortex.o(i.HAL_SYSTICK_Callback) for HAL_SYSTICK_Callback
    stm32f7xx_hal_uart.o(i.HAL_HalfDuplex_Init) refers to stm32f7xx_hal_msp.o(i.HAL_UART_MspInit) for HAL_UART_MspInit
    stm32f7xx_hal_uart.o(i.HAL_HalfDuplex_Init) refers to stm32f7xx_hal_uart.o(i.UART_SetConfig) for UART_SetConfig
[...]
    D:\project\cmsis-nn\CMSIS_5-5.8.0\CMSIS\DSP\Source\MatrixFunctions\MatrixFunctions.c 0x00000000   Number         0  matrixfunctions.o ABSOLUTE
    D:\project\cmsis-nn\CMSIS_5-5.8.0\CMSIS\DSP\Source\MatrixFunctions\MatrixFunctionsF16.c 0x00000000   Number         0  matrixfunctionsf16.o ABSOLUTE
    D:\project\cmsis-nn\CMSIS_5-5.8.0\CMSIS\DSP\Source\QuaternionMathFunctions\QuaternionMathFunctions.c 0x00000000   Number         0  quaternionmathfunctions.o ABSOLUTE
    D:\project\cmsis-nn\CMSIS_5-5.8.0\CMSIS\DSP\Source\SVMFunctions\SVMFunctions.c 0x00000000   Number         0  svmfunctions.o ABSOLUTE
    D:\project\cmsis-nn\CMSIS_5-5.8.0\CMSIS\DSP\Source\SVMFunctions\SVMFunctionsF16.c 0x00000000   Number         0  svmfunctionsf16.o ABSOLUTE
    D:\project\cmsis-nn\CMSIS_5-5.8.0\CMSIS\DSP\Source\StatisticsFunctions\StatisticsFunctions.c 0x00000000   Number         0  statisticsfunctions.o ABSOLUTE
    D:\project\cmsis-nn\CMSIS_5-5.8.0\CMSIS\DSP\Source\StatisticsFunctions\StatisticsFunctionsF16.c 0x00000000   Number         0  statisticsfunctionsf16.o ABSOLUTE
    D:\project\cmsis-nn\CMSIS_5-5.8.0\CMSIS\DSP\Source\SupportFunctions\SupportFunctions.c 0x00000000   Number         0  supportfunctions.o ABSOLUTE
    D:\project\cmsis-nn\CMSIS_5-5.8.0\CMSIS\DSP\Source\SupportFunctions\SupportFunctionsF16.c 0x00000000   Number         0  supportfunctionsf16.o ABSOLUTE
    D:\project\cmsis-nn\CMSIS_5-5.8.0\CMSIS\DSP\Source\TransformFunctions\TransformFunctions.c 0x00000000   Number         0  transformfunctions.o ABSOLUTE
    D:\project\cmsis-nn\CMSIS_5-5.8.0\CMSIS\DSP\Source\TransformFunctions\TransformFunctionsF16.c 0x00000000   Number         0  transformfunctionsf16.o ABSOLUTE
    D:\project\cmsis-nn\CMSIS_5-5.8.0\CMSIS\NN\Source\ActivationFunctions\arm_nn_activations_q15.c 0x00000000   Number         0  arm_nn_activations_q15.o ABSOLUTE
    D:\project\cmsis-nn\CMSIS_5-5.8.0\CMSIS\NN\Source\ActivationFunctions\arm_nn_activations_q7.c 0x00000000   Number         0  arm_nn_activations_q7.o ABSOLUTE
    D:\project\cmsis-nn\CMSIS_5-5.8.0\CMSIS\NN\Source\ActivationFunctions\arm_relu6_s8.c 0x00000000   Number         0  arm_relu6_s8.o ABSOLUTE
    D:\project\cmsis-nn\CMSIS_5-5.8.0\CMSIS\NN\Source\ActivationFunctions\arm_relu_q15.c 0x00000000   Number         0  arm_relu_q15.o ABSOLUTE
    D:\project\cmsis-nn\CMSIS_5-5.8.0\CMSIS\NN\Source\ActivationFunctions\arm_relu_q7.c 0x00000000   Number         0  arm_relu_q7.o ABSOLUTE
    D:\project\cmsis-nn\CMSIS_5-5.8.0\CMSIS\NN\Source\BasicMathFunctions\arm_elementwise_add_s8.c 0x00000000   Number         0  arm_elementwise_add_s8.o ABSOLUTE
    D:\project\cmsis-nn\CMSIS_5-5.8.0\CMSIS\NN\Source\BasicMathFunctions\arm_elementwise_mul_s8.c 0x00000000   Number         0  arm_elementwise_mul_s8.o ABSOLUTE
    D:\project\cmsis-nn\CMSIS_5-5.8.0\CMSIS\NN\Source\ConcatenationFunctions\arm_concatenation_s8_w.c 0x00000000   Number         0  arm_concatenation_s8_w.o ABSOLUTE
    D:\project\cmsis-nn\CMSIS_5-5.8.0\CMSIS\NN\Source\ConcatenationFunctions\arm_concatenation_s8_x.c 0x00000000   Number         0  arm_concatenation_s8_x.o ABSOLUTE
    D:\project\cmsis-nn\CMSIS_5-5.8.0\CMSIS\NN\Source\ConcatenationFunctions\arm_concatenation_s8_y.c 0x00000000   Number         0  arm_concatenation_s8_y.o ABSOLUTE
    D:\project\cmsis-nn\CMSIS_5-5.8.0\CMSIS\NN\Source\ConcatenationFunctions\arm_concatenation_s8_z.c 0x00000000   Number         0  arm_concatenation_s8_z.o ABSOLUTE
    D:\project\cmsis-nn\CMSIS_5-5.8.0\CMSIS\NN\Source\ConvolutionFunctions\arm_convolve_1_x_n_s8.c 0x00000000   Number         0  arm_convolve_1_x_n_s8.o ABSOLUTE
    D:\project\cmsis-nn\CMSIS_5-5.8.0\CMSIS\NN\Source\ConvolutionFunctions\arm_convolve_1x1_HWC_q7_fast_nonsquare.c 0x00000000   Number         0  arm_convolve_1x1_hwc_q7_fast_nonsquare.o ABSOLUTE
    D:\project\cmsis-nn\CMSIS_5-5.8.0\CMSIS\NN\Source\ConvolutionFunctions\arm_convolve_1x1_s8_fast.c 0x00000000   Number         0  arm_convolve_1x1_s8_fast.o ABSOLUTE
    D:\project\cmsis-nn\CMSIS_5-5.8.0\CMSIS\NN\Source\ConvolutionFunctions\arm_convolve_HWC_q15_basic.c 0x00000000   Number         0  arm_convolve_hwc_q15_basic.o ABSOLUTE
    D:\project\cmsis-nn\CMSIS_5-5.8.0\CMSIS\NN\Source\ConvolutionFunctions\arm_convolve_HWC_q15_fast.c 0x00000000   Number         0  arm_convolve_hwc_q15_fast.o ABSOLUTE
    D:\project\cmsis-nn\CMSIS_5-5.8.0\CMSIS\NN\Source\ConvolutionFunctions\arm_convolve_HWC_q15_fast_nonsquare.c 0x00000000   Number         0  arm_convolve_hwc_q15_fast_nonsquare.o ABSOLUTE
    D:\project\cmsis-nn\CMSIS_5-5.8.0\CMSIS\NN\Source\ConvolutionFunctions\arm_convolve_HWC_q7_RGB.c 0x00000000   Number         0  arm_convolve_hwc_q7_rgb.o ABSOLUTE
    D:\project\cmsis-nn\CMSIS_5-5.8.0\CMSIS\NN\Source\ConvolutionFunctions\arm_convolve_HWC_q7_basic.c 0x00000000   Number         0  arm_convolve_hwc_q7_basic.o ABSOLUTE
    D:\project\cmsis-nn\CMSIS_5-5.8.0\CMSIS\NN\Source\ConvolutionFunctions\arm_convolve_HWC_q7_basic_nonsquare.c 0x00000000   Number         0  arm_convolve_hwc_q7_basic_nonsquare.o ABSOLUTE
    D:\project\cmsis-nn\CMSIS_5-5.8.0\CMSIS\NN\Source\ConvolutionFunctions\arm_convolve_HWC_q7_fast.c 0x00000000   Number         0  arm_convolve_hwc_q7_fast.o ABSOLUTE
    D:\project\cmsis-nn\CMSIS_5-5.8.0\CMSIS\NN\Source\ConvolutionFunctions\arm_convolve_HWC_q7_fast_nonsquare.c 0x00000000   Number         0  arm_convolve_hwc_q7_fast_nonsquare.o ABSOLUTE
    D:\project\cmsis-nn\CMSIS_5-5.8.0\CMSIS\NN\Source\ConvolutionFunctions\arm_convolve_s8.c 0x00000000   Number         0  arm_convolve_s8.o ABSOLUTE
    D:\project\cmsis-nn\CMSIS_5-5.8.0\CMSIS\NN\Source\ConvolutionFunctions\arm_convolve_wrapper_s8.c 0x00000000   Number         0  arm_convolve_wrapper_s8.o ABSOLUTE
    D:\project\cmsis-nn\CMSIS_5-5.8.0\CMSIS\NN\Source\ConvolutionFunctions\arm_depthwise_conv_3x3_s8.c 0x00000000   Number         0  arm_depthwise_conv_3x3_s8.o ABSOLUTE
    D:\project\cmsis-nn\CMSIS_5-5.8.0\CMSIS\NN\Source\ConvolutionFunctions\arm_depthwise_conv_s8.c 0x00000000   Number         0  arm_depthwise_conv_s8.o ABSOLUTE
    D:\project\cmsis-nn\CMSIS_5-5.8.0\CMSIS\NN\Source\ConvolutionFunctions\arm_depthwise_conv_s8_opt.c 0x00000000   Number         0  arm_depthwise_conv_s8_opt.o ABSOLUTE
    D:\project\cmsis-nn\CMSIS_5-5.8.0\CMSIS\NN\Source\ConvolutionFunctions\arm_depthwise_conv_u8_basic_ver1.c 0x00000000   Number         0  arm_depthwise_conv_u8_basic_ver1.o ABSOLUTE
    D:\project\cmsis-nn\CMSIS_5-5.8.0\CMSIS\NN\Source\ConvolutionFunctions\arm_depthwise_conv_wrapper_s8.c 0x00000000   Number         0  arm_depthwise_conv_wrapper_s8.o ABSOLUTE
    D:\project\cmsis-nn\CMSIS_5-5.8.0\CMSIS\NN\Source\ConvolutionFunctions\arm_depthwise_separable_conv_HWC_q7.c 0x00000000   Number         0  arm_depthwise_separable_conv_hwc_q7.o ABSOLUTE
    D:\project\cmsis-nn\CMSIS_5-5.8.0\CMSIS\NN\Source\ConvolutionFunctions\arm_depthwise_separable_conv_HWC_q7_nonsquare.c 0x00000000   Number         0  arm_depthwise_separable_conv_hwc_q7_nonsquare.o ABSOLUTE
    D:\project\cmsis-nn\CMSIS_5-5.8.0\CMSIS\NN\Source\ConvolutionFunctions\arm_nn_depthwise_conv_s8_core.c 0x00000000   Number         0  arm_nn_depthwise_conv_s8_core.o ABSOLUTE
    D:\project\cmsis-nn\CMSIS_5-5.8.0\CMSIS\NN\Source\ConvolutionFunctions\arm_nn_mat_mult_kernel_q7_q15.c 0x00000000   Number         0  arm_nn_mat_mult_kernel_q7_q15.o ABSOLUTE
    D:\project\cmsis-nn\CMSIS_5-5.8.0\CMSIS\NN\Source\ConvolutionFunctions\arm_nn_mat_mult_kernel_q7_q15_reordered.c 0x00000000   Number         0  arm_nn_mat_mult_kernel_q7_q15_reordered.o ABSOLUTE
    D:\project\cmsis-nn\CMSIS_5-5.8.0\CMSIS\NN\Source\ConvolutionFunctions\arm_nn_mat_mult_kernel_s8_s16.c 0x00000000   Number         0  arm_nn_mat_mult_kernel_s8_s16.o ABSOLUTE
    D:\project\cmsis-nn\CMSIS_5-5.8.0\CMSIS\NN\Source\ConvolutionFunctions\arm_nn_mat_mult_kernel_s8_s16_reordered.c 0x00000000   Number         0  arm_nn_mat_mult_kernel_s8_s16_reordered.o ABSOLUTE
    D:\project\cmsis-nn\CMSIS_5-5.8.0\CMSIS\NN\Source\ConvolutionFunctions\arm_nn_mat_mult_s8.c 0x00000000   Number         0  arm_nn_mat_mult_s8.o ABSOLUTE
    D:\project\cmsis-nn\CMSIS_5-5.8.0\CMSIS\NN\Source\FullyConnectedFunctions\arm_fully_connected_mat_q7_vec_q15.c 0x00000000   Number         0  arm_fully_connected_mat_q7_vec_q15.o ABSOLUTE
    D:\project\cmsis-nn\CMSIS_5-5.8.0\CMSIS\NN\Source\FullyConnectedFunctions\arm_fully_connected_mat_q7_vec_q15_opt.c 0x00000000   Number         0  arm_fully_connected_mat_q7_vec_q15_opt.o ABSOLUTE
    D:\project\cmsis-nn\CMSIS_5-5.8.0\CMSIS\NN\Source\FullyConnectedFunctions\arm_fully_connected_q15.c 0x00000000   Number         0  arm_fully_connected_q15.o ABSOLUTE
    D:\project\cmsis-nn\CMSIS_5-5.8.0\CMSIS\NN\Source\FullyConnectedFunctions\arm_fully_connected_q15_opt.c 0x00000000   Number         0  arm_fully_connected_q15_opt.o ABSOLUTE
    D:\project\cmsis-nn\CMSIS_5-5.8.0\CMSIS\NN\Source\FullyConnectedFunctions\arm_fully_connected_q7.c 0x00000000   Number         0  arm_fully_connected_q7.o ABSOLUTE
    D:\project\cmsis-nn\CMSIS_5-5.8.0\CMSIS\NN\Source\FullyConnectedFunctions\arm_fully_connected_q7_opt.c 0x00000000   Number         0  arm_fully_connected_q7_opt.o ABSOLUTE
    D:\project\cmsis-nn\CMSIS_5-5.8.0\CMSIS\NN\Source\FullyConnectedFunctions\arm_fully_connected_s8.c 0x00000000   Number         0  arm_fully_connected_s8.o ABSOLUTE
    D:\project\cmsis-nn\CMSIS_5-5.8.0\CMSIS\NN\Source\NNSupportFunctions\arm_nn_accumulate_q7_to_q15.c 0x00000000   Number         0  arm_nn_accumulate_q7_to_q15.o ABSOLUTE
    D:\project\cmsis-nn\CMSIS_5-5.8.0\CMSIS\NN\Source\NNSupportFunctions\arm_nn_add_q7.c 0x00000000   Number         0  arm_nn_add_q7.o ABSOLUTE
    D:\project\cmsis-nn\CMSIS_5-5.8.0\CMSIS\NN\Source\NNSupportFunctions\arm_nn_depthwise_conv_nt_t_padded_s8.c 0x00000000   Number         0  arm_nn_depthwise_conv_nt_t_padded_s8.o ABSOLUTE
    D:\project\cmsis-nn\CMSIS_5-5.8.0\CMSIS\NN\Source\NNSupportFunctions\arm_nn_depthwise_conv_nt_t_s8.c 0x00000000   Number         0  arm_nn_depthwise_conv_nt_t_s8.o ABSOLUTE
    D:\project\cmsis-nn\CMSIS_5-5.8.0\CMSIS\NN\Source\NNSupportFunctions\arm_nn_mat_mul_core_1x_s8.c 0x00000000   Number         0  arm_nn_mat_mul_core_1x_s8.o ABSOLUTE
    D:\project\cmsis-nn\CMSIS_5-5.8.0\CMSIS\NN\Source\NNSupportFunctions\arm_nn_mat_mul_core_4x_s8.c 0x00000000   Number         0  arm_nn_mat_mul_core_4x_s8.o ABSOLUTE
    D:\project\cmsis-nn\CMSIS_5-5.8.0\CMSIS\NN\Source\NNSupportFunctions\arm_nn_mat_mult_nt_t_s8.c 0x00000000   Number         0  arm_nn_mat_mult_nt_t_s8.o ABSOLUTE
    D:\project\cmsis-nn\CMSIS_5-5.8.0\CMSIS\NN\Source\NNSupportFunctions\arm_nn_mult_q15.c 0x00000000   Number         0  arm_nn_mult_q15.o ABSOLUTE
    D:\project\cmsis-nn\CMSIS_5-5.8.0\CMSIS\NN\Source\NNSupportFunctions\arm_nn_mult_q7.c 0x00000000   Number         0  arm_nn_mult_q7.o ABSOLUTE
    D:\project\cmsis-nn\CMSIS_5-5.8.0\CMSIS\NN\Source\NNSupportFunctions\arm_nn_vec_mat_mult_t_s8.c 0x00000000   Number         0  arm_nn_vec_mat_mult_t_s8.o ABSOLUTE
    D:\project\cmsis-nn\CMSIS_5-5.8.0\CMSIS\NN\Source\NNSupportFunctions\arm_nn_vec_mat_mult_t_svdf_s8.c 0x00000000   Number         0  arm_nn_vec_mat_mult_t_svdf_s8.o ABSOLUTE
    D:\project\cmsis-nn\CMSIS_5-5.8.0\CMSIS\NN\Source\NNSupportFunctions\arm_nntables.c 0x00000000   Number         0  arm_nntables.o ABSOLUTE
    D:\project\cmsis-nn\CMSIS_5-5.8.0\CMSIS\NN\Source\NNSupportFunctions\arm_q7_to_q15_no_shift.c 0x00000000   Number         0  arm_q7_to_q15_no_shift.o ABSOLUTE
    D:\project\cmsis-nn\CMSIS_5-5.8.0\CMSIS\NN\Source\NNSupportFunctions\arm_q7_to_q15_reordered_no_shift.c 0x00000000   Number         0  arm_q7_to_q15_reordered_no_shift.o ABSOLUTE
    D:\project\cmsis-nn\CMSIS_5-5.8.0\CMSIS\NN\Source\NNSupportFunctions\arm_q7_to_q15_reordered_with_offset.c 0x00000000   Number         0  arm_q7_to_q15_reordered_with_offset.o ABSOLUTE
    D:\project\cmsis-nn\CMSIS_5-5.8.0\CMSIS\NN\Source\NNSupportFunctions\arm_q7_to_q15_with_offset.c 0x00000000   Number         0  arm_q7_to_q15_with_offset.o ABSOLUTE
    D:\project\cmsis-nn\CMSIS_5-5.8.0\CMSIS\NN\Source\PoolingFunctions\arm_avgpool_s8.c 0x00000000   Number         0  arm_avgpool_s8.o ABSOLUTE
    D:\project\cmsis-nn\CMSIS_5-5.8.0\CMSIS\NN\Source\PoolingFunctions\arm_max_pool_s8.c 0x00000000   Number         0  arm_max_pool_s8.o ABSOLUTE
    D:\project\cmsis-nn\CMSIS_5-5.8.0\CMSIS\NN\Source\PoolingFunctions\arm_pool_q7_HWC.c 0x00000000   Number         0  arm_pool_q7_hwc.o ABSOLUTE
    D:\project\cmsis-nn\CMSIS_5-5.8.0\CMSIS\NN\Source\ReshapeFunctions\arm_reshape_s8.c 0x00000000   Number         0  arm_reshape_s8.o ABSOLUTE
    D:\project\cmsis-nn\CMSIS_5-5.8.0\CMSIS\NN\Source\SVDFunctions\arm_svdf_s8.c 0x00000000   Number         0  arm_svdf_s8.o ABSOLUTE
    D:\project\cmsis-nn\CMSIS_5-5.8.0\CMSIS\NN\Source\SoftmaxFunctions\arm_softmax_q15.c 0x00000000   Number         0  arm_softmax_q15.o ABSOLUTE
    D:\project\cmsis-nn\CMSIS_5-5.8.0\CMSIS\NN\Source\SoftmaxFunctions\arm_softmax_q7.c 0x00000000   Number         0  arm_softmax_q7.o ABSOLUTE
    D:\project\cmsis-nn\CMSIS_5-5.8.0\CMSIS\NN\Source\SoftmaxFunctions\arm_softmax_s8.c 0x00000000   Number         0  arm_softmax_s8.o ABSOLUTE
    D:\project\cmsis-nn\CMSIS_5-5.8.0\CMSIS\NN\Source\SoftmaxFunctions\arm_softmax_u8.c 0x00000000   Number         0  arm_softmax_u8.o ABSOLUTE
    D:\project\cmsis-nn\CMSIS_5-5.8.0\CMSIS\NN\Source\SoftmaxFunctions\arm_softmax_with_batch_q7.c 0x00000000   Number         0  arm_softmax_with_batch_q7.o ABSOLUTE
    D:\software\Keil_V5\Packs\Keil\ARM_Compiler\1.6.3\Source\retarget_io.c 0x00000000   Number         0  retarget_io.o ABSOLUTE
    dc.s                                     0x00000000   Number         0  dc.o ABSOLUTE
    startup_stm32f746xx.s                    0x00000000   Number         0  startup_stm32f746xx.o ABSOLUTE
    RESET                                    0x08000000   Section      456  startup_stm32f746xx.o(RESET)
    !!!main                                  0x080001c8   Section        8  __main.o(!!!main)
    !!!scatter                               0x080001d0   Section       52  __scatter.o(!!!scatter)
    !!handler_copy                           0x08000204   Section       26  __scatter_copy.o(!!handler_copy)
    !!handler_zi                             0x08000220   Section       28  __scatter_zi.o(!!handler_zi)
    .ARM.Collect$$_printf_percent$$00000000  0x0800023c   Section        0  _printf_percent.o(.ARM.Collect$$_printf_percent$$00000000)
    .ARM.Collect$$_printf_percent$$00000009  0x0800023c   Section        6  _printf_d.o(.ARM.Collect$$_printf_percent$$00000009)
    .ARM.Collect$$_printf_percent$$00000017  0x08000242   Section        4  _printf_percent_end.o(.ARM.Collect$$_printf_percent$$00000017)
    .ARM.Collect$$libinit$$00000000          0x08000246   Section        2  libinit.o(.ARM.Collect$$libinit$$00000000)
    .ARM.Collect$$libinit$$00000001          0x08000248   Section        4  libinit2.o(.ARM.Collect$$libinit$$00000001)
    .ARM.Collect$$libinit$$00000004          0x0800024c   Section        0  libinit2.o(.ARM.Collect$$libinit$$00000004)
    .ARM.Collect$$libinit$$00000005          0x0800024c   Section        8  libinit2.o(.ARM.Collect$$libinit$$00000005)
    .ARM.Collect$$libinit$$0000000A          0x08000254   Section        0  libinit2.o(.ARM.Collect$$libinit$$0000000A)
    .ARM.Collect$$libinit$$0000000C          0x08000254   Section        0  libinit2.o(.ARM.Collect$$libinit$$0000000C)
    .ARM.Collect$$libinit$$0000000E          0x08000254   Section        0  libinit2.o(.ARM.Collect$$libinit$$0000000E)
    .ARM.Collect$$libinit$$00000011          0x08000254   Section        0  libinit2.o(.ARM.Collect$$libinit$$00000011)
    .ARM.Collect$$libinit$$00000013          0x08000254   Section        0  libinit2.o(.ARM.Collect$$libinit$$00000013)
    .ARM.Collect$$libinit$$00000015          0x08000254   Section        0  libinit2.o(.ARM.Collect$$libinit$$00000015)
    .ARM.Collect$$libinit$$00000017          0x08000254   Section        0  libinit2.o(.ARM.Collect$$libinit$$00000017)
    .ARM.Collect$$libinit$$00000019          0x08000254   Section        0  libinit2.o(.ARM.Collect$$libinit$$00000019)
    .ARM.Collect$$libinit$$0000001B          0x08000254   Section        0  libinit2.o(.ARM.Collect$$libinit$$0000001B)
    .ARM.Collect$$libinit$$0000001D          0x08000254   Section        0  libinit2.o(.ARM.Collect$$libinit$$0000001D)
    .ARM.Collect$$libinit$$0000001F          0x08000254   Section        0  libinit2.o(.ARM.Collect$$libinit$$0000001F)
    .ARM.Collect$$libinit$$00000021          0x08000254   Section        0  libinit2.o(.ARM.Collect$$libinit$$00000021)
    .ARM.Collect$$libinit$$00000023          0x08000254   Section        0  libinit2.o(.ARM.Collect$$libinit$$00000023)
    .ARM.Collect$$libinit$$00000024          0x08000254   Section        4  libinit2.o(.ARM.Collect$$libinit$$00000024)
    .ARM.Collect$$libinit$$00000025          0x08000258   Section        0  libinit2.o(.ARM.Collect$$libinit$$00000025)
    .ARM.Collect$$libinit$$0000002C          0x08000258   Section        0  libinit2.o(.ARM.Collect$$libinit$$0000002C)
    .ARM.Collect$$libinit$$0000002E          0x08000258   Section        0  libinit2.o(.ARM.Collect$$libinit$$0000002E)
    .ARM.Collect$$libinit$$00000030          0x08000258   Section        0  libinit2.o(.ARM.Collect$$libinit$$00000030)
    .ARM.Collect$$libinit$$00000032          0x08000258   Section        0  libinit2.o(.ARM.Collect$$libinit$$00000032)
    .ARM.Collect$$libinit$$00000033          0x08000258   Section        2  libinit2.o(.ARM.Collect$$libinit$$00000033)
    .ARM.Collect$$libshutdown$$00000000      0x0800025a   Section        2  libshutdown.o(.ARM.Collect$$libshutdown$$00000000)
    .ARM.Collect$$libshutdown$$00000002      0x0800025c   Section        0  libshutdown2.o(.ARM.Collect$$libshutdown$$00000002)
    .ARM.Collect$$libshutdown$$00000004      0x0800025c   Section        0  libshutdown2.o(.ARM.Collect$$libshutdown$$00000004)
    .ARM.Collect$$libshutdown$$00000005      0x0800025c   Section        4  libshutdown2.o(.ARM.Collect$$libshutdown$$00000005)
    .ARM.Collect$$libshutdown$$00000006      0x08000260   Section        0  libshutdown2.o(.ARM.Collect$$libshutdown$$00000006)
    .ARM.Collect$$libshutdown$$00000009      0x08000260   Section        0  libshutdown2.o(.ARM.Collect$$libshutdown$$00000009)
    .ARM.Collect$$libshutdown$$0000000C      0x08000260   Section        0  libshutdown2.o(.ARM.Collect$$libshutdown$$0000000C)
    .ARM.Collect$$libshutdown$$0000000E      0x08000260   Section        0  libshutdown2.o(.ARM.Collect$$libshutdown$$0000000E)
    .ARM.Collect$$libshutdown$$00000011      0x08000260   Section        0  libshutdown2.o(.ARM.Collect$$libshutdown$$00000011)
    .ARM.Collect$$libshutdown$$00000012      0x08000260   Section        2  libshutdown2.o(.ARM.Collect$$libshutdown$$00000012)
    .ARM.Collect$$rtentry$$00000000          0x08000262   Section        0  __rtentry.o(.ARM.Collect$$rtentry$$00000000)
    .ARM.Collect$$rtentry$$00000002          0x08000262   Section        0  __rtentry2.o(.ARM.Collect$$rtentry$$00000002)
    .ARM.Collect$$rtentry$$00000004          0x08000262   Section        6  __rtentry4.o(.ARM.Collect$$rtentry$$00000004)
    .ARM.Collect$$rtentry$$00000009          0x08000268   Section        0  __rtentry2.o(.ARM.Collect$$rtentry$$00000009)
    .ARM.Collect$$rtentry$$0000000A          0x08000268   Section        4  __rtentry2.o(.ARM.Collect$$rtentry$$0000000A)
    .ARM.Collect$$rtentry$$0000000C          0x0800026c   Section        0  __rtentry2.o(.ARM.Collect$$rtentry$$0000000C)
    .ARM.Collect$$rtentry$$0000000D          0x0800026c   Section        8  __rtentry2.o(.ARM.Collect$$rtentry$$0000000D)
    .ARM.Collect$$rtexit$$00000000           0x08000274   Section        2  rtexit.o(.ARM.Collect$$rtexit$$00000000)
    .ARM.Collect$$rtexit$$00000002           0x08000276   Section        0  rtexit2.o(.ARM.Collect$$rtexit$$00000002)
    .ARM.Collect$$rtexit$$00000003           0x08000276   Section        4  rtexit2.o(.ARM.Collect$$rtexit$$00000003)
    .ARM.Collect$$rtexit$$00000004           0x0800027a   Section        6  rtexit2.o(.ARM.Collect$$rtexit$$00000004)
    .emb_text                                0x08000280   Section        0  maybetermalloc1.o(.emb_text)
    .text                                    0x08000280   Section       64  startup_stm32f746xx.o(.text)
    $v0                                      0x08000280   Number         0  startup_stm32f746xx.o(.text)
    .text                                    0x080002c0   Section      238  lludivv7m.o(.text)
    .text                                    0x080003b0   Section        0  noretval__2printf.o(.text)
    .text                                    0x080003c8   Section        0  __printf.o(.text)
    .text                                    0x08000430   Section        0  _printf_dec.o(.text)
    .text                                    0x080004a8   Section       78  rt_memclr_w.o(.text)
    .text                                    0x080004f8   Section      104  strcmpv7m_pel.o(.text)
    .text                                    0x08000560   Section        0  heapauxi.o(.text)
    .text                                    0x08000566   Section        0  _printf_intcommon.o(.text)
    .text                                    0x08000618   Section        0  _printf_char_file.o(.text)
    .text                                    0x0800063c   Section        8  rt_errno_addr_intlibspace.o(.text)
    .text                                    0x08000644   Section        0  _printf_char_common.o(.text)
    _printf_input_char                       0x08000645   Thumb Code    10  _printf_char_common.o(.text)
    .text                                    0x08000674   Section        0  ferror.o(.text)
    .text                                    0x0800067c   Section        0  initio.o(.text)
    .text                                    0x080007b4   Section        8  libspace.o(.text)
    .text                                    0x080007bc   Section       74  sys_stackheap_outer.o(.text)
    .text                                    0x08000806   Section        0  h1_free.o(.text)
    .text                                    0x08000854   Section        0  flsbuf.o(.text)
    .text                                    0x08000a2a   Section        0  setvbuf.o(.text)
    .text                                    0x08000a70   Section        0  fopen.o(.text)
    _freopen_locked                          0x08000a71   Thumb Code     0  fopen.o(.text)
    .text                                    0x08000b5c   Section        0  fclose.o(.text)
    .text                                    0x08000ba8   Section        0  exit.o(.text)
    .text                                    0x08000bba   Section        0  defsig_rtred_outer.o(.text)
    .text                                    0x08000bc8   Section        8  rt_heap_descriptor_intlibspace.o(.text)
    .text                                    0x08000bd0   Section        0  hguard.o(.text)
    .text                                    0x08000bd4   Section        0  init_alloc.o(.text)
    .text                                    0x08000c5e   Section        0  h1_alloc.o(.text)
    .text                                    0x08000cbc   Section        0  fseek.o(.text)
    .text                                    0x08000db4   Section        0  stdio.o(.text)
    .text                                    0x08000ea4   Section        0  defsig_exit.o(.text)
    .text                                    0x08000eb0   Section        0  defsig_rtred_inner.o(.text)
    .text                                    0x08000ee4   Section        0  sys_exit.o(.text)
    .text                                    0x08000ef0   Section        0  h1_init.o(.text)
    .text                                    0x08000efe   Section        0  h1_extend.o(.text)
    .text                                    0x08000f32   Section        0  ftell.o(.text)
    .text                                    0x08000f74   Section        0  defsig_general.o(.text)
    .text                                    0x08000fa6   Section        0  defsig_rtmem_outer.o(.text)
    .text                                    0x08000fb4   Section        0  sys_wrch.o(.text)
    .text                                    0x08000fc2   Section        2  use_no_semi.o(.text)
    .text                                    0x08000fc4   Section        0  defsig_rtmem_inner.o(.text)
    .text                                    0x08000fc4   Section        0  indicate_semi.o(.text)
    i.BusFault_Handler                       0x08001014   Section        0  stm32f7xx_it.o(i.BusFault_Handler)
    i.DebugMon_Handler                       0x08001016   Section        0  stm32f7xx_it.o(i.DebugMon_Handler)
    i.HAL_Delay                              0x08001018   Section        0  stm32f7xx_hal.o(i.HAL_Delay)
    i.HAL_GPIO_Init                          0x0800103c   Section        0  stm32f7xx_hal_gpio.o(i.HAL_GPIO_Init)
    i.HAL_GetTick                            0x08001214   Section        0  stm32f7xx_hal.o(i.HAL_GetTick)
    i.HAL_IncTick                            0x08001220   Section        0  stm32f7xx_hal.o(i.HAL_IncTick)
    i.HAL_Init                               0x08001230   Section        0  stm32f7xx_hal.o(i.HAL_Init)
    i.HAL_InitTick                           0x0800125c   Section        0  stm32f7xx_hal.o(i.HAL_InitTick)
    i.HAL_MspInit                            0x0800129c   Section        0  stm32f7xx_hal_msp.o(i.HAL_MspInit)
    i.HAL_NVIC_EnableIRQ                     0x080012dc   Section        0  stm32f7xx_hal_cortex.o(i.HAL_NVIC_EnableIRQ)
    i.HAL_NVIC_SetPriority                   0x080012f8   Section        0  stm32f7xx_hal_cortex.o(i.HAL_NVIC_SetPriority)
    i.HAL_NVIC_SetPriorityGrouping           0x08001338   Section        0  stm32f7xx_hal_cortex.o(i.HAL_NVIC_SetPriorityGrouping)
    i.HAL_PWREx_EnableOverDrive              0x0800135c   Section        0  stm32f7xx_hal_pwr_ex.o(i.HAL_PWREx_EnableOverDrive)
    i.HAL_RCCEx_PeriphCLKConfig              0x080013c8   Section        0  stm32f7xx_hal_rcc_ex.o(i.HAL_RCCEx_PeriphCLKConfig)
    i.HAL_RCC_ClockConfig                    0x080018c4   Section        0  stm32f7xx_hal_rcc.o(i.HAL_RCC_ClockConfig)
    i.HAL_RCC_GetPCLK1Freq                   0x080019f4   Section        0  stm32f7xx_hal_rcc.o(i.HAL_RCC_GetPCLK1Freq)
    i.HAL_RCC_GetPCLK2Freq                   0x08001a14   Section        0  stm32f7xx_hal_rcc.o(i.HAL_RCC_GetPCLK2Freq)
    i.HAL_RCC_GetSysClockFreq                0x08001a34   Section        0  stm32f7xx_hal_rcc.o(i.HAL_RCC_GetSysClockFreq)
    i.HAL_RCC_OscConfig                      0x08001a98   Section        0  stm32f7xx_hal_rcc.o(i.HAL_RCC_OscConfig)
    i.HAL_SYSTICK_Config                     0x08001e1c   Section        0  stm32f7xx_hal_cortex.o(i.HAL_SYSTICK_Config)
    i.HAL_UART_Init                          0x08001e42   Section        0  stm32f7xx_hal_uart.o(i.HAL_UART_Init)
    i.HAL_UART_MspInit                       0x08001ea8   Section        0  stm32f7xx_hal_msp.o(i.HAL_UART_MspInit)
    i.HAL_UART_Transmit                      0x08001f2c   Section        0  stm32f7xx_hal_uart.o(i.HAL_UART_Transmit)
    i.HardFault_Handler                      0x08001fe4   Section        0  stm32f7xx_it.o(i.HardFault_Handler)
    i.MX_USART1_UART_Init                    0x08001fe8   Section        0  main.o(i.MX_USART1_UART_Init)
    MX_USART1_UART_Init                      0x08001fe9   Thumb Code    48  main.o(i.MX_USART1_UART_Init)
    i.MemManage_Handler                      0x08002020   Section        0  stm32f7xx_it.o(i.MemManage_Handler)
    i.NMI_Handler                            0x08002022   Section        0  stm32f7xx_it.o(i.NMI_Handler)
    i.PendSV_Handler                         0x08002024   Section        0  stm32f7xx_it.o(i.PendSV_Handler)
    i.RCC_IRQHandler                         0x08002026   Section        0  stm32f7xx_it.o(i.RCC_IRQHandler)
    i.SVC_Handler                            0x08002028   Section        0  stm32f7xx_it.o(i.SVC_Handler)
    i.SysTick_Handler                        0x0800202a   Section        0  stm32f7xx_it.o(i.SysTick_Handler)
    i.SystemClock_Config                     0x08002030   Section        0  main.o(i.SystemClock_Config)
    i.SystemInit                             0x080020e8   Section        0  system_stm32f7xx.o(i.SystemInit)
    i.UART_AdvFeatureConfig                  0x080020f8   Section        0  stm32f7xx_hal_uart.o(i.UART_AdvFeatureConfig)
    i.UART_CheckIdleState                    0x080021c0   Section        0  stm32f7xx_hal_uart.o(i.UART_CheckIdleState)
    i.UART_SetConfig                         0x08002200   Section        0  stm32f7xx_hal_uart.o(i.UART_SetConfig)
    i.UART_WaitOnFlagUntilTimeout            0x08002434   Section        0  stm32f7xx_hal_uart.o(i.UART_WaitOnFlagUntilTimeout)
    i.UsageFault_Handler                     0x080024d8   Section        0  stm32f7xx_it.o(i.UsageFault_Handler)
    i.__NVIC_SetPriority                     0x080024da   Section        0  stm32f7xx_hal_cortex.o(i.__NVIC_SetPriority)
    __NVIC_SetPriority                       0x080024db   Thumb Code    34  stm32f7xx_hal_cortex.o(i.__NVIC_SetPriority)
    i._sys_close                             0x080024fc   Section        0  retarget_io.o(i._sys_close)
    i._sys_flen                              0x08002514   Section        0  retarget_io.o(i._sys_flen)
    i._sys_istty                             0x08002520   Section        0  retarget_io.o(i._sys_istty)
    i._sys_open                              0x08002538   Section        0  retarget_io.o(i._sys_open)
    i._sys_seek                              0x08002594   Section        0  retarget_io.o(i._sys_seek)
    i._sys_write                             0x0800259e   Section        0  retarget_io.o(i._sys_write)
    i.fputc                                  0x080025cc   Section        0  fputc.o(i.fputc)
    i.main                                   0x080025e8   Section        0  main.o(i.main)
    i.stdout_putchar                         0x080026e8   Section        0  main.o(i.stdout_putchar)
    x$fpl$fpinit                             0x08002700   Section       10  fpinit.o(x$fpl$fpinit)
    $v0                                      0x08002700   Number         0  fpinit.o(x$fpl$fpinit)
    .constdata                               0x0800270a   Section       16  system_stm32f7xx.o(.constdata)
    .constdata                               0x0800271a   Section        8  system_stm32f7xx.o(.constdata)
    .constdata                               0x08002722   Section        7  retarget_io.o(.constdata)
    .constdata                               0x08002729   Section        8  retarget_io.o(.constdata)
    .constdata                               0x08002731   Section        8  retarget_io.o(.constdata)
    .data                                    0x20000000   Section       12  stm32f7xx_hal.o(.data)
    .data                                    0x2000000c   Section        4  system_stm32f7xx.o(.data)
    .data                                    0x20000010   Section        4  stdio_streams.o(.data)
    .data                                    0x20000014   Section        4  stdio_streams.o(.data)
    .data                                    0x20000018   Section        4  stdio_streams.o(.data)
    .bss                                     0x2000001c   Section      132  main.o(.bss)
    .bss                                     0x200000a0   Section       84  stdio_streams.o(.bss)
    .bss                                     0x200000f4   Section       84  stdio_streams.o(.bss)
    .bss                                     0x20000148   Section       84  stdio_streams.o(.bss)
    .bss                                     0x2000019c   Section       96  libspace.o(.bss)
    HEAP                                     0x20000200   Section      512  startup_stm32f746xx.o(HEAP)
    Heap_Mem                                 0x20000200   Data         512  startup_stm32f746xx.o(HEAP)
    STACK                                    0x20000400   Section     1024  startup_stm32f746xx.o(STACK)
    Stack_Mem                                0x20000400   Data        1024  startup_stm32f746xx.o(STACK)
    __initial_sp                             0x20000800   Data           0  startup_stm32f746xx.o(STACK)

    Global Symbols

    Symbol Name                              Value     Ov Type        Size  Object(Section)

    BuildAttributes$$THM_ISAv4$E$P$D$K$B$S$7EM$VFPi5$EXTD16$VFPS$VFMA$PE$PLD8$A:L22UL41UL21$X:L11$S22US41US21$IEEE1$IW$USESV6$~STKCKD$USESV7$~SHL$OTIME$ROPI$IEEEX$EBA8$UX$STANDARDLIB$REQ8$PRES8$EABIv2 0x00000000   Number         0  anon$$obj.o ABSOLUTE
    __ARM_use_no_argv                        0x00000000   Number         0  main.o ABSOLUTE
    __ARM_exceptions_init                     - Undefined Weak Reference
    __alloca_initialize                       - Undefined Weak Reference
    __arm_fini_                               - Undefined Weak Reference
    __arm_preinit_                            - Undefined Weak Reference
    __cpp_initialize__aeabi_                  - Undefined Weak Reference
    __cxa_finalize                            - Undefined Weak Reference
    __rt_locale                               - Undefined Weak Reference
    __sigvec_lookup                           - Undefined Weak Reference
    __user_heap_extent                        - Undefined Weak Reference
    _atexit_init                              - Undefined Weak Reference
    _call_atexit_fns                          - Undefined Weak Reference
    _clock_init                               - Undefined Weak Reference
    _fp_trap_init                             - Undefined Weak Reference
    _fp_trap_shutdown                         - Undefined Weak Reference
    _get_lc_collate                           - Undefined Weak Reference
    _get_lc_ctype                             - Undefined Weak Reference
    _get_lc_monetary                          - Undefined Weak Reference
    _get_lc_numeric                           - Undefined Weak Reference
    _get_lc_time                              - Undefined Weak Reference
    _getenv_init                              - Undefined Weak Reference
    _handle_redirection                       - Undefined Weak Reference
    _mutex_acquire                            - Undefined Weak Reference
    _mutex_free                               - Undefined Weak Reference
    _mutex_release                            - Undefined Weak Reference
    _printf_post_padding                      - Undefined Weak Reference
    _printf_pre_padding                       - Undefined Weak Reference
    _printf_truncate_signed                   - Undefined Weak Reference
    _printf_truncate_unsigned                 - Undefined Weak Reference
    _rand_init                                - Undefined Weak Reference
    _signal_finish                            - Undefined Weak Reference
    _signal_init                              - Undefined Weak Reference
    __Vectors_Size                           0x000001c8   Number         0  startup_stm32f746xx.o ABSOLUTE
    __Vectors                                0x08000000   Data           4  startup_stm32f746xx.o(RESET)
    __Vectors_End                            0x080001c8   Data           0  startup_stm32f746xx.o(RESET)
    __main                                   0x080001c9   Thumb Code     8  __main.o(!!!main)
    __scatterload                            0x080001d1   Thumb Code     0  __scatter.o(!!!scatter)
    __scatterload_rt2                        0x080001d1   Thumb Code    44  __scatter.o(!!!scatter)
    __scatterload_rt2_thumb_only             0x080001d1   Thumb Code     0  __scatter.o(!!!scatter)
    __scatterload_null                       0x080001df   Thumb Code     0  __scatter.o(!!!scatter)
    __scatterload_copy                       0x08000205   Thumb Code    26  __scatter_copy.o(!!handler_copy)
    __scatterload_zeroinit                   0x08000221   Thumb Code    28  __scatter_zi.o(!!handler_zi)
    _printf_d                                0x0800023d   Thumb Code     0  _printf_d.o(.ARM.Collect$$_printf_percent$$00000009)
    _printf_percent                          0x0800023d   Thumb Code     0  _printf_percent.o(.ARM.Collect$$_printf_percent$$00000000)
    _printf_percent_end                      0x08000243   Thumb Code     0  _printf_percent_end.o(.ARM.Collect$$_printf_percent$$00000017)
    __rt_lib_init                            0x08000247   Thumb Code     0  libinit.o(.ARM.Collect$$libinit$$00000000)
    __rt_lib_init_fp_1                       0x08000249   Thumb Code     0  libinit2.o(.ARM.Collect$$libinit$$00000001)
    __rt_lib_init_heap_2                     0x0800024d   Thumb Code     0  libinit2.o(.ARM.Collect$$libinit$$00000005)
    __rt_lib_init_preinit_1                  0x0800024d   Thumb Code     0  libinit2.o(.ARM.Collect$$libinit$$00000004)
    __rt_lib_init_atexit_1                   0x08000255   Thumb Code     0  libinit2.o(.ARM.Collect$$libinit$$0000001B)
    __rt_lib_init_clock_1                    0x08000255   Thumb Code     0  libinit2.o(.ARM.Collect$$libinit$$00000021)
    __rt_lib_init_fp_trap_1                  0x08000255   Thumb Code     0  libinit2.o(.ARM.Collect$$libinit$$0000001F)
    __rt_lib_init_getenv_1                   0x08000255   Thumb Code     0  libinit2.o(.ARM.Collect$$libinit$$00000023)
    __rt_lib_init_heap_1                     0x08000255   Thumb Code     0  libinit2.o(.ARM.Collect$$libinit$$0000000A)
    __rt_lib_init_lc_collate_1               0x08000255   Thumb Code     0  libinit2.o(.ARM.Collect$$libinit$$00000011)
    __rt_lib_init_lc_ctype_1                 0x08000255   Thumb Code     0  libinit2.o(.ARM.Collect$$libinit$$00000013)
    __rt_lib_init_lc_monetary_1              0x08000255   Thumb Code     0  libinit2.o(.ARM.Collect$$libinit$$00000015)
    __rt_lib_init_lc_numeric_1               0x08000255   Thumb Code     0  libinit2.o(.ARM.Collect$$libinit$$00000017)
    __rt_lib_init_lc_time_1                  0x08000255   Thumb Code     0  libinit2.o(.ARM.Collect$$libinit$$00000019)
    __rt_lib_init_rand_1                     0x08000255   Thumb Code     0  libinit2.o(.ARM.Collect$$libinit$$0000000E)
    __rt_lib_init_signal_1                   0x08000255   Thumb Code     0  libinit2.o(.ARM.Collect$$libinit$$0000001D)
    __rt_lib_init_stdio_2                    0x08000255   Thumb Code     0  libinit2.o(.ARM.Collect$$libinit$$00000024)
    __rt_lib_init_user_alloc_1               0x08000255   Thumb Code     0  libinit2.o(.ARM.Collect$$libinit$$0000000C)
    __rt_lib_init_alloca_1                   0x08000259   Thumb Code     0  libinit2.o(.ARM.Collect$$libinit$$0000002E)
    __rt_lib_init_argv_1                     0x08000259   Thumb Code     0  libinit2.o(.ARM.Collect$$libinit$$0000002C)
    __rt_lib_init_cpp_1                      0x08000259   Thumb Code     0  libinit2.o(.ARM.Collect$$libinit$$00000032)
    __rt_lib_init_exceptions_1               0x08000259   Thumb Code     0  libinit2.o(.ARM.Collect$$libinit$$00000030)
    __rt_lib_init_return                     0x08000259   Thumb Code     0  libinit2.o(.ARM.Collect$$libinit$$00000033)
    __rt_lib_init_stdio_1                    0x08000259   Thumb Code     0  libinit2.o(.ARM.Collect$$libinit$$00000025)
    __rt_lib_shutdown                        0x0800025b   Thumb Code     0  libshutdown.o(.ARM.Collect$$libshutdown$$00000000)
    __rt_lib_shutdown_cpp_1                  0x0800025d   Thumb Code     0  libshutdown2.o(.ARM.Collect$$libshutdown$$00000004)
    __rt_lib_shutdown_fini_1                 0x0800025d   Thumb Code     0  libshutdown2.o(.ARM.Collect$$libshutdown$$00000002)
    __rt_lib_shutdown_stdio_2                0x0800025d   Thumb Code     0  libshutdown2.o(.ARM.Collect$$libshutdown$$00000005)
    __rt_lib_shutdown_fp_trap_1              0x08000261   Thumb Code     0  libshutdown2.o(.ARM.Collect$$libshutdown$$00000009)
    __rt_lib_shutdown_heap_1                 0x08000261   Thumb Code     0  libshutdown2.o(.ARM.Collect$$libshutdown$$00000011)
    __rt_lib_shutdown_return                 0x08000261   Thumb Code     0  libshutdown2.o(.ARM.Collect$$libshutdown$$00000012)
    __rt_lib_shutdown_signal_1               0x08000261   Thumb Code     0  libshutdown2.o(.ARM.Collect$$libshutdown$$0000000C)
    __rt_lib_shutdown_stdio_1                0x08000261   Thumb Code     0  libshutdown2.o(.ARM.Collect$$libshutdown$$00000006)
    __rt_lib_shutdown_user_alloc_1           0x08000261   Thumb Code     0  libshutdown2.o(.ARM.Collect$$libshutdown$$0000000E)
    __rt_entry                               0x08000263   Thumb Code     0  __rtentry.o(.ARM.Collect$$rtentry$$00000000)
    __rt_entry_presh_1                       0x08000263   Thumb Code     0  __rtentry2.o(.ARM.Collect$$rtentry$$00000002)
    __rt_entry_sh                            0x08000263   Thumb Code     0  __rtentry4.o(.ARM.Collect$$rtentry$$00000004)
    __rt_entry_li                            0x08000269   Thumb Code     0  __rtentry2.o(.ARM.Collect$$rtentry$$0000000A)
    __rt_entry_postsh_1                      0x08000269   Thumb Code     0  __rtentry2.o(.ARM.Collect$$rtentry$$00000009)
    __rt_entry_main                          0x0800026d   Thumb Code     0  __rtentry2.o(.ARM.Collect$$rtentry$$0000000D)
    __rt_entry_postli_1                      0x0800026d   Thumb Code     0  __rtentry2.o(.ARM.Collect$$rtentry$$0000000C)
    __rt_exit                                0x08000275   Thumb Code     0  rtexit.o(.ARM.Collect$$rtexit$$00000000)
    __rt_exit_ls                             0x08000277   Thumb Code     0  rtexit2.o(.ARM.Collect$$rtexit$$00000003)
    __rt_exit_prels_1                        0x08000277   Thumb Code     0  rtexit2.o(.ARM.Collect$$rtexit$$00000002)
    __rt_exit_exit                           0x0800027b   Thumb Code     0  rtexit2.o(.ARM.Collect$$rtexit$$00000004)
    Reset_Handler                            0x08000281   Thumb Code     8  startup_stm32f746xx.o(.text)
    _maybe_terminate_alloc                   0x08000281   Thumb Code     0  maybetermalloc1.o(.emb_text)
    ADC_IRQHandler                           0x0800029b   Thumb Code     0  startup_stm32f746xx.o(.text)
    CAN1_RX0_IRQHandler                      0x0800029b   Thumb Code     0  startup_stm32f746xx.o(.text)
    CAN1_RX1_IRQHandler                      0x0800029b   Thumb Code     0  startup_stm32f746xx.o(.text)
    CAN1_SCE_IRQHandler                      0x0800029b   Thumb Code     0  startup_stm32f746xx.o(.text)
    CAN1_TX_IRQHandler                       0x0800029b   Thumb Code     0  startup_stm32f746xx.o(.text)
    CAN2_RX0_IRQHandler                      0x0800029b   Thumb Code     0  startup_stm32f746xx.o(.text)
    CAN2_RX1_IRQHandler                      0x0800029b   Thumb Code     0  startup_stm32f746xx.o(.text)
    CAN2_SCE_IRQHandler                      0x0800029b   Thumb Code     0  startup_stm32f746xx.o(.text)
    CAN2_TX_IRQHandler                       0x0800029b   Thumb Code     0  startup_stm32f746xx.o(.text)
    CEC_IRQHandler                           0x0800029b   Thumb Code     0  startup_stm32f746xx.o(.text)
    DCMI_IRQHandler                          0x0800029b   Thumb Code     0  startup_stm32f746xx.o(.text)
    DMA1_Stream0_IRQHandler                  0x0800029b   Thumb Code     0  startup_stm32f746xx.o(.text)
    DMA1_Stream1_IRQHandler                  0x0800029b   Thumb Code     0  startup_stm32f746xx.o(.text)
    DMA1_Stream2_IRQHandler                  0x0800029b   Thumb Code     0  startup_stm32f746xx.o(.text)
    DMA1_Stream3_IRQHandler                  0x0800029b   Thumb Code     0  startup_stm32f746xx.o(.text)
    DMA1_Stream4_IRQHandler                  0x0800029b   Thumb Code     0  startup_stm32f746xx.o(.text)
    DMA1_Stream5_IRQHandler                  0x0800029b   Thumb Code     0  startup_stm32f746xx.o(.text)
    DMA1_Stream6_IRQHandler                  0x0800029b   Thumb Code     0  startup_stm32f746xx.o(.text)
    DMA1_Stream7_IRQHandler                  0x0800029b   Thumb Code     0  startup_stm32f746xx.o(.text)
    DMA2D_IRQHandler                         0x0800029b   Thumb Code     0  startup_stm32f746xx.o(.text)
    DMA2_Stream0_IRQHandler                  0x0800029b   Thumb Code     0  startup_stm32f746xx.o(.text)
    DMA2_Stream1_IRQHandler                  0x0800029b   Thumb Code     0  startup_stm32f746xx.o(.text)
    DMA2_Stream2_IRQHandler                  0x0800029b   Thumb Code     0  startup_stm32f746xx.o(.text)
    DMA2_Stream3_IRQHandler                  0x0800029b   Thumb Code     0  startup_stm32f746xx.o(.text)
    DMA2_Stream4_IRQHandler                  0x0800029b   Thumb Code     0  startup_stm32f746xx.o(.text)
    DMA2_Stream5_IRQHandler                  0x0800029b   Thumb Code     0  startup_stm32f746xx.o(.text)
    DMA2_Stream6_IRQHandler                  0x0800029b   Thumb Code     0  startup_stm32f746xx.o(.text)
    DMA2_Stream7_IRQHandler                  0x0800029b   Thumb Code     0  startup_stm32f746xx.o(.text)
    ETH_IRQHandler                           0x0800029b   Thumb Code     0  startup_stm32f746xx.o(.text)
    ETH_WKUP_IRQHandler                      0x0800029b   Thumb Code     0  startup_stm32f746xx.o(.text)
    EXTI0_IRQHandler                         0x0800029b   Thumb Code     0  startup_stm32f746xx.o(.text)
    EXTI15_10_IRQHandler                     0x0800029b   Thumb Code     0  startup_stm32f746xx.o(.text)
    EXTI1_IRQHandler                         0x0800029b   Thumb Code     0  startup_stm32f746xx.o(.text)
    EXTI2_IRQHandler                         0x0800029b   Thumb Code     0  startup_stm32f746xx.o(.text)
    EXTI3_IRQHandler                         0x0800029b   Thumb Code     0  startup_stm32f746xx.o(.text)
    EXTI4_IRQHandler                         0x0800029b   Thumb Code     0  startup_stm32f746xx.o(.text)
    EXTI9_5_IRQHandler                       0x0800029b   Thumb Code     0  startup_stm32f746xx.o(.text)
    FLASH_IRQHandler                         0x0800029b   Thumb Code     0  startup_stm32f746xx.o(.text)
    FMC_IRQHandler                           0x0800029b   Thumb Code     0  startup_stm32f746xx.o(.text)
    FPU_IRQHandler                           0x0800029b   Thumb Code     0  startup_stm32f746xx.o(.text)
    I2C1_ER_IRQHandler                       0x0800029b   Thumb Code     0  startup_stm32f746xx.o(.text)
    I2C1_EV_IRQHandler                       0x0800029b   Thumb Code     0  startup_stm32f746xx.o(.text)
    I2C2_ER_IRQHandler                       0x0800029b   Thumb Code     0  startup_stm32f746xx.o(.text)
    I2C2_EV_IRQHandler                       0x0800029b   Thumb Code     0  startup_stm32f746xx.o(.text)
    I2C3_ER_IRQHandler                       0x0800029b   Thumb Code     0  startup_stm32f746xx.o(.text)
    I2C3_EV_IRQHandler                       0x0800029b   Thumb Code     0  startup_stm32f746xx.o(.text)
    I2C4_ER_IRQHandler                       0x0800029b   Thumb Code     0  startup_stm32f746xx.o(.text)
    I2C4_EV_IRQHandler                       0x0800029b   Thumb Code     0  startup_stm32f746xx.o(.text)
    LPTIM1_IRQHandler                        0x0800029b   Thumb Code     0  startup_stm32f746xx.o(.text)
    LTDC_ER_IRQHandler                       0x0800029b   Thumb Code     0  startup_stm32f746xx.o(.text)
    LTDC_IRQHandler                          0x0800029b   Thumb Code     0  startup_stm32f746xx.o(.text)
    OTG_FS_IRQHandler                        0x0800029b   Thumb Code     0  startup_stm32f746xx.o(.text)
    OTG_FS_WKUP_IRQHandler                   0x0800029b   Thumb Code     0  startup_stm32f746xx.o(.text)
    OTG_HS_EP1_IN_IRQHandler                 0x0800029b   Thumb Code     0  startup_stm32f746xx.o(.text)
    OTG_HS_EP1_OUT_IRQHandler                0x0800029b   Thumb Code     0  startup_stm32f746xx.o(.text)
    OTG_HS_IRQHandler                        0x0800029b   Thumb Code     0  startup_stm32f746xx.o(.text)
    OTG_HS_WKUP_IRQHandler                   0x0800029b   Thumb Code     0  startup_stm32f746xx.o(.text)
    PVD_IRQHandler                           0x0800029b   Thumb Code     0  startup_stm32f746xx.o(.text)
    QUADSPI_IRQHandler                       0x0800029b   Thumb Code     0  startup_stm32f746xx.o(.text)
    RNG_IRQHandler                           0x0800029b   Thumb Code     0  startup_stm32f746xx.o(.text)
    RTC_Alarm_IRQHandler                     0x0800029b   Thumb Code     0  startup_stm32f746xx.o(.text)
    RTC_WKUP_IRQHandler                      0x0800029b   Thumb Code     0  startup_stm32f746xx.o(.text)
    SAI1_IRQHandler                          0x0800029b   Thumb Code     0  startup_stm32f746xx.o(.text)
    SAI2_IRQHandler                          0x0800029b   Thumb Code     0  startup_stm32f746xx.o(.text)
    SDMMC1_IRQHandler                        0x0800029b   Thumb Code     0  startup_stm32f746xx.o(.text)
    SPDIF_RX_IRQHandler                      0x0800029b   Thumb Code     0  startup_stm32f746xx.o(.text)
    SPI1_IRQHandler                          0x0800029b   Thumb Code     0  startup_stm32f746xx.o(.text)
    SPI2_IRQHandler                          0x0800029b   Thumb Code     0  startup_stm32f746xx.o(.text)
    SPI3_IRQHandler                          0x0800029b   Thumb Code     0  startup_stm32f746xx.o(.text)
    SPI4_IRQHandler                          0x0800029b   Thumb Code     0  startup_stm32f746xx.o(.text)
    SPI5_IRQHandler                          0x0800029b   Thumb Code     0  startup_stm32f746xx.o(.text)
    SPI6_IRQHandler                          0x0800029b   Thumb Code     0  startup_stm32f746xx.o(.text)
    TAMP_STAMP_IRQHandler                    0x0800029b   Thumb Code     0  startup_stm32f746xx.o(.text)
    TIM1_BRK_TIM9_IRQHandler                 0x0800029b   Thumb Code     0  startup_stm32f746xx.o(.text)
    TIM1_CC_IRQHandler                       0x0800029b   Thumb Code     0  startup_stm32f746xx.o(.text)
    TIM1_TRG_COM_TIM11_IRQHandler            0x0800029b   Thumb Code     0  startup_stm32f746xx.o(.text)
    TIM1_UP_TIM10_IRQHandler                 0x0800029b   Thumb Code     0  startup_stm32f746xx.o(.text)
    TIM2_IRQHandler                          0x0800029b   Thumb Code     0  startup_stm32f746xx.o(.text)
    TIM3_IRQHandler                          0x0800029b   Thumb Code     0  startup_stm32f746xx.o(.text)
    TIM4_IRQHandler                          0x0800029b   Thumb Code     0  startup_stm32f746xx.o(.text)
    TIM5_IRQHandler                          0x0800029b   Thumb Code     0  startup_stm32f746xx.o(.text)
    TIM6_DAC_IRQHandler                      0x0800029b   Thumb Code     0  startup_stm32f746xx.o(.text)
    TIM7_IRQHandler                          0x0800029b   Thumb Code     0  startup_stm32f746xx.o(.text)
    TIM8_BRK_TIM12_IRQHandler                0x0800029b   Thumb Code     0  startup_stm32f746xx.o(.text)
    TIM8_CC_IRQHandler                       0x0800029b   Thumb Code     0  startup_stm32f746xx.o(.text)
    TIM8_TRG_COM_TIM14_IRQHandler            0x0800029b   Thumb Code     0  startup_stm32f746xx.o(.text)
    TIM8_UP_TIM13_IRQHandler                 0x0800029b   Thumb Code     0  startup_stm32f746xx.o(.text)
    UART4_IRQHandler                         0x0800029b   Thumb Code     0  startup_stm32f746xx.o(.text)
    UART5_IRQHandler                         0x0800029b   Thumb Code     0  startup_stm32f746xx.o(.text)
    UART7_IRQHandler                         0x0800029b   Thumb Code     0  startup_stm32f746xx.o(.text)
    UART8_IRQHandler                         0x0800029b   Thumb Code     0  startup_stm32f746xx.o(.text)
    USART1_IRQHandler                        0x0800029b   Thumb Code     0  startup_stm32f746xx.o(.text)
    USART2_IRQHandler                        0x0800029b   Thumb Code     0  startup_stm32f746xx.o(.text)
    USART3_IRQHandler                        0x0800029b   Thumb Code     0  startup_stm32f746xx.o(.text)
    USART6_IRQHandler                        0x0800029b   Thumb Code     0  startup_stm32f746xx.o(.text)
    WWDG_IRQHandler                          0x0800029b   Thumb Code     0  startup_stm32f746xx.o(.text)
    __user_initial_stackheap                 0x0800029d   Thumb Code     0  startup_stm32f746xx.o(.text)
    __aeabi_uldivmod                         0x080002c1   Thumb Code     0  lludivv7m.o(.text)
    _ll_udiv                                 0x080002c1   Thumb Code   238  lludivv7m.o(.text)
    __2printf                                0x080003b1   Thumb Code    20  noretval__2printf.o(.text)
    __printf                                 0x080003c9   Thumb Code   104  __printf.o(.text)
    _printf_int_dec                          0x08000431   Thumb Code   104  _printf_dec.o(.text)
    __aeabi_memclr4                          0x080004a9   Thumb Code     0  rt_memclr_w.o(.text)
    __aeabi_memclr8                          0x080004a9   Thumb Code     0  rt_memclr_w.o(.text)
    __rt_memclr_w                            0x080004a9   Thumb Code    78  rt_memclr_w.o(.text)
    _memset_w                                0x080004ad   Thumb Code     0  rt_memclr_w.o(.text)
    strcmp                                   0x080004f9   Thumb Code   104  strcmpv7m_pel.o(.text)
    __use_two_region_memory                  0x08000561   Thumb Code     2  heapauxi.o(.text)
    __rt_heap_escrow                         0x08000563   Thumb Code     2  heapauxi.o(.text)
    __rt_heap_expand                         0x08000565   Thumb Code     2  heapauxi.o(.text)
    _printf_int_common                       0x08000567   Thumb Code   178  _printf_intcommon.o(.text)
    _printf_char_file                        0x08000619   Thumb Code    32  _printf_char_file.o(.text)
    __aeabi_errno_addr                       0x0800063d   Thumb Code     8  rt_errno_addr_intlibspace.o(.text)
    __errno$intlibspace                      0x0800063d   Thumb Code     0  rt_errno_addr_intlibspace.o(.text)
    __rt_errno_addr$intlibspace              0x0800063d   Thumb Code     0  rt_errno_addr_intlibspace.o(.text)
    _printf_char_common                      0x0800064f   Thumb Code    32  _printf_char_common.o(.text)
    ferror                                   0x08000675   Thumb Code     8  ferror.o(.text)
    _initio                                  0x0800067d   Thumb Code   210  initio.o(.text)
    _terminateio                             0x0800074f   Thumb Code    56  initio.o(.text)
    __user_libspace                          0x080007b5   Thumb Code     8  libspace.o(.text)
    __user_perproc_libspace                  0x080007b5   Thumb Code     0  libspace.o(.text)
    __user_perthread_libspace                0x080007b5   Thumb Code     0  libspace.o(.text)
    __user_setup_stackheap                   0x080007bd   Thumb Code    74  sys_stackheap_outer.o(.text)
    free                                     0x08000807   Thumb Code    78  h1_free.o(.text)
    __flsbuf                                 0x08000855   Thumb Code   470  flsbuf.o(.text)
    __flsbuf_byte                            0x08000855   Thumb Code     0  flsbuf.o(.text)
    __flsbuf_wide                            0x08000855   Thumb Code     0  flsbuf.o(.text)
    setvbuf                                  0x08000a2b   Thumb Code    70  setvbuf.o(.text)
    freopen                                  0x08000a71   Thumb Code   158  fopen.o(.text)
    fopen                                    0x08000b0f   Thumb Code    74  fopen.o(.text)
    _fclose_internal                         0x08000b5d   Thumb Code    76  fclose.o(.text)
    fclose                                   0x08000b5d   Thumb Code     0  fclose.o(.text)
    exit                                     0x08000ba9   Thumb Code    18  exit.o(.text)
    __rt_SIGRTRED                            0x08000bbb   Thumb Code    14  defsig_rtred_outer.o(.text)
    __rt_heap_descriptor                     0x08000bc9   Thumb Code     8  rt_heap_descriptor_intlibspace.o(.text)
    __use_no_heap                            0x08000bd1   Thumb Code     2  hguard.o(.text)
    __heap$guard                             0x08000bd3   Thumb Code     2  hguard.o(.text)
    _terminate_user_alloc                    0x08000bd5   Thumb Code     2  init_alloc.o(.text)
    _init_user_alloc                         0x08000bd7   Thumb Code     2  init_alloc.o(.text)
    __Heap_Full                              0x08000bd9   Thumb Code    34  init_alloc.o(.text)
    __Heap_Broken                            0x08000bfb   Thumb Code     6  init_alloc.o(.text)
    _init_alloc                              0x08000c01   Thumb Code    94  init_alloc.o(.text)
    malloc                                   0x08000c5f   Thumb Code    94  h1_alloc.o(.text)
    _fseek                                   0x08000cbd   Thumb Code   242  fseek.o(.text)
    fseek                                    0x08000cbd   Thumb Code     0  fseek.o(.text)
    _seterr                                  0x08000db5   Thumb Code    20  stdio.o(.text)
    _writebuf                                0x08000dc9   Thumb Code    84  stdio.o(.text)
    _fflush                                  0x08000e1d   Thumb Code    70  stdio.o(.text)
    _deferredlazyseek                        0x08000e63   Thumb Code    60  stdio.o(.text)
    __sig_exit                               0x08000ea5   Thumb Code    10  defsig_exit.o(.text)
    __rt_SIGRTRED_inner                      0x08000eb1   Thumb Code    14  defsig_rtred_inner.o(.text)
    _sys_exit                                0x08000ee5   Thumb Code     8  sys_exit.o(.text)
    __Heap_Initialize                        0x08000ef1   Thumb Code    10  h1_init.o(.text)
    __Heap_DescSize                          0x08000efb   Thumb Code     4  h1_init.o(.text)
    __Heap_ProvideMemory                     0x08000eff   Thumb Code    52  h1_extend.o(.text)
    _ftell_internal                          0x08000f33   Thumb Code    66  ftell.o(.text)
    ftell                                    0x08000f33   Thumb Code     0  ftell.o(.text)
    __default_signal_display                 0x08000f75   Thumb Code    50  defsig_general.o(.text)
    __rt_SIGRTMEM                            0x08000fa7   Thumb Code    14  defsig_rtmem_outer.o(.text)
    _ttywrch                                 0x08000fb5   Thumb Code    14  sys_wrch.o(.text)
    __I$use$semihosting                      0x08000fc3   Thumb Code     0  use_no_semi.o(.text)
    __use_no_semihosting_swi                 0x08000fc3   Thumb Code     2  use_no_semi.o(.text)
    __rt_SIGRTMEM_inner                      0x08000fc5   Thumb Code    22  defsig_rtmem_inner.o(.text)
    __semihosting_library_function           0x08000fc5   Thumb Code     0  indicate_semi.o(.text)
    BusFault_Handler                         0x08001015   Thumb Code     2  stm32f7xx_it.o(i.BusFault_Handler)
    DebugMon_Handler                         0x08001017   Thumb Code     2  stm32f7xx_it.o(i.DebugMon_Handler)
    HAL_Delay                                0x08001019   Thumb Code    32  stm32f7xx_hal.o(i.HAL_Delay)
    HAL_GPIO_Init                            0x0800103d   Thumb Code   420  stm32f7xx_hal_gpio.o(i.HAL_GPIO_Init)
    HAL_GetTick                              0x08001215   Thumb Code     6  stm32f7xx_hal.o(i.HAL_GetTick)
    HAL_IncTick                              0x08001221   Thumb Code    12  stm32f7xx_hal.o(i.HAL_IncTick)
    HAL_Init                                 0x08001231   Thumb Code    40  stm32f7xx_hal.o(i.HAL_Init)
    HAL_InitTick                             0x0800125d   Thumb Code    54  stm32f7xx_hal.o(i.HAL_InitTick)
    HAL_MspInit                              0x0800129d   Thumb Code    60  stm32f7xx_hal_msp.o(i.HAL_MspInit)
    HAL_NVIC_EnableIRQ                       0x080012dd   Thumb Code    26  stm32f7xx_hal_cortex.o(i.HAL_NVIC_EnableIRQ)
    HAL_NVIC_SetPriority                     0x080012f9   Thumb Code    60  stm32f7xx_hal_cortex.o(i.HAL_NVIC_SetPriority)
    HAL_NVIC_SetPriorityGrouping             0x08001339   Thumb Code    28  stm32f7xx_hal_cortex.o(i.HAL_NVIC_SetPriorityGrouping)
    HAL_PWREx_EnableOverDrive                0x0800135d   Thumb Code   100  stm32f7xx_hal_pwr_ex.o(i.HAL_PWREx_EnableOverDrive)
    HAL_RCCEx_PeriphCLKConfig                0x080013c9   Thumb Code  1276  stm32f7xx_hal_rcc_ex.o(i.HAL_RCCEx_PeriphCLKConfig)
    HAL_RCC_ClockConfig                      0x080018c5   Thumb Code   284  stm32f7xx_hal_rcc.o(i.HAL_RCC_ClockConfig)
    HAL_RCC_GetPCLK1Freq                     0x080019f5   Thumb Code    20  stm32f7xx_hal_rcc.o(i.HAL_RCC_GetPCLK1Freq)
    HAL_RCC_GetPCLK2Freq                     0x08001a15   Thumb Code    20  stm32f7xx_hal_rcc.o(i.HAL_RCC_GetPCLK2Freq)
    HAL_RCC_GetSysClockFreq                  0x08001a35   Thumb Code    88  stm32f7xx_hal_rcc.o(i.HAL_RCC_GetSysClockFreq)
    HAL_RCC_OscConfig                        0x08001a99   Thumb Code   888  stm32f7xx_hal_rcc.o(i.HAL_RCC_OscConfig)
    HAL_SYSTICK_Config                       0x08001e1d   Thumb Code    38  stm32f7xx_hal_cortex.o(i.HAL_SYSTICK_Config)
    HAL_UART_Init                            0x08001e43   Thumb Code   102  stm32f7xx_hal_uart.o(i.HAL_UART_Init)
    HAL_UART_MspInit                         0x08001ea9   Thumb Code   116  stm32f7xx_hal_msp.o(i.HAL_UART_MspInit)
    HAL_UART_Transmit                        0x08001f2d   Thumb Code   184  stm32f7xx_hal_uart.o(i.HAL_UART_Transmit)
    HardFault_Handler                        0x08001fe5   Thumb Code     2  stm32f7xx_it.o(i.HardFault_Handler)
    MemManage_Handler                        0x08002021   Thumb Code     2  stm32f7xx_it.o(i.MemManage_Handler)
    NMI_Handler                              0x08002023   Thumb Code     2  stm32f7xx_it.o(i.NMI_Handler)
    PendSV_Handler                           0x08002025   Thumb Code     2  stm32f7xx_it.o(i.PendSV_Handler)
    RCC_IRQHandler                           0x08002027   Thumb Code     2  stm32f7xx_it.o(i.RCC_IRQHandler)
    SVC_Handler                              0x08002029   Thumb Code     2  stm32f7xx_it.o(i.SVC_Handler)
    SysTick_Handler                          0x0800202b   Thumb Code     4  stm32f7xx_it.o(i.SysTick_Handler)
    SystemClock_Config                       0x08002031   Thumb Code   176  main.o(i.SystemClock_Config)
    SystemInit                               0x080020e9   Thumb Code    12  system_stm32f7xx.o(i.SystemInit)
    UART_AdvFeatureConfig                    0x080020f9   Thumb Code   200  stm32f7xx_hal_uart.o(i.UART_AdvFeatureConfig)
    UART_CheckIdleState                      0x080021c1   Thumb Code    64  stm32f7xx_hal_uart.o(i.UART_CheckIdleState)
    UART_SetConfig                           0x08002201   Thumb Code   518  stm32f7xx_hal_uart.o(i.UART_SetConfig)
    UART_WaitOnFlagUntilTimeout              0x08002435   Thumb Code   164  stm32f7xx_hal_uart.o(i.UART_WaitOnFlagUntilTimeout)
    UsageFault_Handler                       0x080024d9   Thumb Code     2  stm32f7xx_it.o(i.UsageFault_Handler)
    _sys_close                               0x080024fd   Thumb Code    24  retarget_io.o(i._sys_close)
    _sys_flen                                0x08002515   Thumb Code    12  retarget_io.o(i._sys_flen)
    _sys_istty                               0x08002521   Thumb Code    24  retarget_io.o(i._sys_istty)
    _sys_open                                0x08002539   Thumb Code    68  retarget_io.o(i._sys_open)
    _sys_seek                                0x08002595   Thumb Code    10  retarget_io.o(i._sys_seek)
    _sys_write                               0x0800259f   Thumb Code    46  retarget_io.o(i._sys_write)
    fputc                                    0x080025cd   Thumb Code    26  fputc.o(i.fputc)
    main                                     0x080025e9   Thumb Code   216  main.o(i.main)
    stdout_putchar                           0x080026e9   Thumb Code    20  main.o(i.stdout_putchar)
    _fp_init                                 0x08002701   Thumb Code    10  fpinit.o(x$fpl$fpinit)
    __fplib_config_fpu_vfp                   0x08002709   Thumb Code     0  fpinit.o(x$fpl$fpinit)
    __fplib_config_pureend_doubles           0x08002709   Thumb Code     0  fpinit.o(x$fpl$fpinit)
    AHBPrescTable                            0x0800270a   Data          16  system_stm32f7xx.o(.constdata)
    APBPrescTable                            0x0800271a   Data           8  system_stm32f7xx.o(.constdata)
    __stdin_name                             0x08002722   Data           7  retarget_io.o(.constdata)
    __stdout_name                            0x08002729   Data           8  retarget_io.o(.constdata)
    __stderr_name                            0x08002731   Data           8  retarget_io.o(.constdata)
    Region$$Table$$Base                      0x0800273c   Number         0  anon$$obj.o(Region$$Table)
    Region$$Table$$Limit                     0x0800275c   Number         0  anon$$obj.o(Region$$Table)
    uwTickFreq                               0x20000000   Data           1  stm32f7xx_hal.o(.data)
    uwTickPrio                               0x20000004   Data           4  stm32f7xx_hal.o(.data)
    uwTick                                   0x20000008   Data           4  stm32f7xx_hal.o(.data)
    SystemCoreClock                          0x2000000c   Data           4  system_stm32f7xx.o(.data)
    __aeabi_stdin                            0x20000010   Data           4  stdio_streams.o(.data)
    __aeabi_stdout                           0x20000014   Data           4  stdio_streams.o(.data)
    __aeabi_stderr                           0x20000018   Data           4  stdio_streams.o(.data)
    huart1                                   0x2000001c   Data         132  main.o(.bss)
    __stdin                                  0x200000a0   Data          84  stdio_streams.o(.bss)
    __stdout                                 0x200000f4   Data          84  stdio_streams.o(.bss)
    __stderr                                 0x20000148   Data          84  stdio_streams.o(.bss)
    __libspace_start                         0x2000019c   Data          96  libspace.o(.bss)
    __temporary_stack_top$libspace           0x200001fc   Data           0  libspace.o(.bss)



==============================================================================

Memory Map of the image

  Image Entry point : 0x080001c9

  Load Region LR_IROM1 (Base: 0x08000000, Size: 0x00002778, Max: 0x00100000, ABSOLUTE)

    Execution Region ER_IROM1 (Exec base: 0x08000000, Load base: 0x08000000, Size: 0x0000275c, Max: 0x00100000, ABSOLUTE)

    Exec Addr    Load Addr    Size         Type   Attr      Idx    E Section Name        Object

    0x08000000   0x08000000   0x000001c8   Data   RO            3    RESET               startup_stm32f746xx.o
    0x080001c8   0x080001c8   0x00000008   Code   RO         9547  * !!!main             c_w.l(__main.o)
    0x080001d0   0x080001d0   0x00000034   Code   RO        10081    !!!scatter          c_w.l(__scatter.o)
    0x08000204   0x08000204   0x0000001a   Code   RO        10083    !!handler_copy      c_w.l(__scatter_copy.o)
    0x0800021e   0x0800021e   0x00000002   PAD
    0x08000220   0x08000220   0x0000001c   Code   RO        10085    !!handler_zi        c_w.l(__scatter_zi.o)
    0x0800023c   0x0800023c   0x00000000   Code   RO         9532    .ARM.Collect$$_printf_percent$$00000000  c_w.l(_printf_percent.o)
    0x0800023c   0x0800023c   0x00000006   Code   RO         9531    .ARM.Collect$$_printf_percent$$00000009  c_w.l(_printf_d.o)
    0x08000242   0x08000242   0x00000004   Code   RO         9692    .ARM.Collect$$_printf_percent$$00000017  c_w.l(_printf_percent_end.o)
    0x08000246   0x08000246   0x00000002   Code   RO         9880    .ARM.Collect$$libinit$$00000000  c_w.l(libinit.o)
    0x08000248   0x08000248   0x00000004   Code   RO         9881    .ARM.Collect$$libinit$$00000001  c_w.l(libinit2.o)
    0x0800024c   0x0800024c   0x00000000   Code   RO         9884    .ARM.Collect$$libinit$$00000004  c_w.l(libinit2.o)
    0x0800024c   0x0800024c   0x00000008   Code   RO         9885    .ARM.Collect$$libinit$$00000005  c_w.l(libinit2.o)
    0x08000254   0x08000254   0x00000000   Code   RO         9887    .ARM.Collect$$libinit$$0000000A  c_w.l(libinit2.o)
    0x08000254   0x08000254   0x00000000   Code   RO         9889    .ARM.Collect$$libinit$$0000000C  c_w.l(libinit2.o)
    0x08000254   0x08000254   0x00000000   Code   RO         9891    .ARM.Collect$$libinit$$0000000E  c_w.l(libinit2.o)
    0x08000254   0x08000254   0x00000000   Code   RO         9894    .ARM.Collect$$libinit$$00000011  c_w.l(libinit2.o)
    0x08000254   0x08000254   0x00000000   Code   RO         9896    .ARM.Collect$$libinit$$00000013  c_w.l(libinit2.o)
    0x08000254   0x08000254   0x00000000   Code   RO         9898    .ARM.Collect$$libinit$$00000015  c_w.l(libinit2.o)
    0x08000254   0x08000254   0x00000000   Code   RO         9900    .ARM.Collect$$libinit$$00000017  c_w.l(libinit2.o)
    0x08000254   0x08000254   0x00000000   Code   RO         9902    .ARM.Collect$$libinit$$00000019  c_w.l(libinit2.o)
    0x08000254   0x08000254   0x00000000   Code   RO         9904    .ARM.Collect$$libinit$$0000001B  c_w.l(libinit2.o)
    0x08000254   0x08000254   0x00000000   Code   RO         9906    .ARM.Collect$$libinit$$0000001D  c_w.l(libinit2.o)
    0x08000254   0x08000254   0x00000000   Code   RO         9908    .ARM.Collect$$libinit$$0000001F  c_w.l(libinit2.o)
    0x08000254   0x08000254   0x00000000   Code   RO         9910    .ARM.Collect$$libinit$$00000021  c_w.l(libinit2.o)
    0x08000254   0x08000254   0x00000000   Code   RO         9912    .ARM.Collect$$libinit$$00000023  c_w.l(libinit2.o)
    0x08000254   0x08000254   0x00000004   Code   RO         9913    .ARM.Collect$$libinit$$00000024  c_w.l(libinit2.o)
    0x08000258   0x08000258   0x00000000   Code   RO         9914    .ARM.Collect$$libinit$$00000025  c_w.l(libinit2.o)
    0x08000258   0x08000258   0x00000000   Code   RO         9918    .ARM.Collect$$libinit$$0000002C  c_w.l(libinit2.o)
    0x08000258   0x08000258   0x00000000   Code   RO         9920    .ARM.Collect$$libinit$$0000002E  c_w.l(libinit2.o)
    0x08000258   0x08000258   0x00000000   Code   RO         9922    .ARM.Collect$$libinit$$00000030  c_w.l(libinit2.o)
    0x08000258   0x08000258   0x00000000   Code   RO         9924    .ARM.Collect$$libinit$$00000032  c_w.l(libinit2.o)
    0x08000258   0x08000258   0x00000002   Code   RO         9925    .ARM.Collect$$libinit$$00000033  c_w.l(libinit2.o)
    0x0800025a   0x0800025a   0x00000002   Code   RO        10062    .ARM.Collect$$libshutdown$$00000000  c_w.l(libshutdown.o)
    0x0800025c   0x0800025c   0x00000000   Code   RO         9927    .ARM.Collect$$libshutdown$$00000002  c_w.l(libshutdown2.o)
    0x0800025c   0x0800025c   0x00000000   Code   RO         9929    .ARM.Collect$$libshutdown$$00000004  c_w.l(libshutdown2.o)
    0x0800025c   0x0800025c   0x00000004   Code   RO         9930    .ARM.Collect$$libshutdown$$00000005  c_w.l(libshutdown2.o)
    0x08000260   0x08000260   0x00000000   Code   RO         9931    .ARM.Collect$$libshutdown$$00000006  c_w.l(libshutdown2.o)
    0x08000260   0x08000260   0x00000000   Code   RO         9934    .ARM.Collect$$libshutdown$$00000009  c_w.l(libshutdown2.o)
    0x08000260   0x08000260   0x00000000   Code   RO         9937    .ARM.Collect$$libshutdown$$0000000C  c_w.l(libshutdown2.o)
    0x08000260   0x08000260   0x00000000   Code   RO         9939    .ARM.Collect$$libshutdown$$0000000E  c_w.l(libshutdown2.o)
    0x08000260   0x08000260   0x00000000   Code   RO         9942    .ARM.Collect$$libshutdown$$00000011  c_w.l(libshutdown2.o)
    0x08000260   0x08000260   0x00000002   Code   RO         9943    .ARM.Collect$$libshutdown$$00000012  c_w.l(libshutdown2.o)
    0x08000262   0x08000262   0x00000000   Code   RO         9681    .ARM.Collect$$rtentry$$00000000  c_w.l(__rtentry.o)
    0x08000262   0x08000262   0x00000000   Code   RO         9750    .ARM.Collect$$rtentry$$00000002  c_w.l(__rtentry2.o)
    0x08000262   0x08000262   0x00000006   Code   RO         9762    .ARM.Collect$$rtentry$$00000004  c_w.l(__rtentry4.o)
    0x08000268   0x08000268   0x00000000   Code   RO         9752    .ARM.Collect$$rtentry$$00000009  c_w.l(__rtentry2.o)
    0x08000268   0x08000268   0x00000004   Code   RO         9753    .ARM.Collect$$rtentry$$0000000A  c_w.l(__rtentry2.o)
    0x0800026c   0x0800026c   0x00000000   Code   RO         9755    .ARM.Collect$$rtentry$$0000000C  c_w.l(__rtentry2.o)
    0x0800026c   0x0800026c   0x00000008   Code   RO         9756    .ARM.Collect$$rtentry$$0000000D  c_w.l(__rtentry2.o)
    0x08000274   0x08000274   0x00000002   Code   RO         9946    .ARM.Collect$$rtexit$$00000000  c_w.l(rtexit.o)
    0x08000276   0x08000276   0x00000000   Code   RO        10002    .ARM.Collect$$rtexit$$00000002  c_w.l(rtexit2.o)
    0x08000276   0x08000276   0x00000004   Code   RO        10003    .ARM.Collect$$rtexit$$00000003  c_w.l(rtexit2.o)
    0x0800027a   0x0800027a   0x00000006   Code   RO        10004    .ARM.Collect$$rtexit$$00000004  c_w.l(rtexit2.o)
    0x08000280   0x08000280   0x00000000   Code   RO        10008    .emb_text           c_w.l(maybetermalloc1.o)
    0x08000280   0x08000280   0x00000040   Code   RO            4    .text               startup_stm32f746xx.o
    0x080002c0   0x080002c0   0x000000ee   Code   RO         9495    .text               c_w.l(lludivv7m.o)
    0x080003ae   0x080003ae   0x00000002   PAD
    0x080003b0   0x080003b0   0x00000018   Code   RO         9505    .text               c_w.l(noretval__2printf.o)
    0x080003c8   0x080003c8   0x00000068   Code   RO         9507    .text               c_w.l(__printf.o)
    0x08000430   0x08000430   0x00000078   Code   RO         9509    .text               c_w.l(_printf_dec.o)
    0x080004a8   0x080004a8   0x0000004e   Code   RO         9541    .text               c_w.l(rt_memclr_w.o)
    0x080004f6   0x080004f6   0x00000002   PAD
    0x080004f8   0x080004f8   0x00000068   Code   RO         9543    .text               c_w.l(strcmpv7m_pel.o)
    0x08000560   0x08000560   0x00000006   Code   RO         9545    .text               c_w.l(heapauxi.o)
    0x08000566   0x08000566   0x000000b2   Code   RO         9688    .text               c_w.l(_printf_intcommon.o)
    0x08000618   0x08000618   0x00000024   Code   RO         9690    .text               c_w.l(_printf_char_file.o)
    0x0800063c   0x0800063c   0x00000008   Code   RO         9769    .text               c_w.l(rt_errno_addr_intlibspace.o)
    0x08000644   0x08000644   0x00000030   Code   RO         9771    .text               c_w.l(_printf_char_common.o)
    0x08000674   0x08000674   0x00000008   Code   RO         9773    .text               c_w.l(ferror.o)
    0x0800067c   0x0800067c   0x00000138   Code   RO         9779    .text               c_w.l(initio.o)
    0x080007b4   0x080007b4   0x00000008   Code   RO         9787    .text               c_w.l(libspace.o)
    0x080007bc   0x080007bc   0x0000004a   Code   RO         9792    .text               c_w.l(sys_stackheap_outer.o)
    0x08000806   0x08000806   0x0000004e   Code   RO         9796    .text               c_w.l(h1_free.o)
    0x08000854   0x08000854   0x000001d6   Code   RO         9852    .text               c_w.l(flsbuf.o)
    0x08000a2a   0x08000a2a   0x00000046   Code   RO         9854    .text               c_w.l(setvbuf.o)
    0x08000a70   0x08000a70   0x000000ec   Code   RO         9857    .text               c_w.l(fopen.o)
    0x08000b5c   0x08000b5c   0x0000004c   Code   RO         9859    .text               c_w.l(fclose.o)
    0x08000ba8   0x08000ba8   0x00000012   Code   RO         9865    .text               c_w.l(exit.o)
    0x08000bba   0x08000bba   0x0000000e   Code   RO         9871    .text               c_w.l(defsig_rtred_outer.o)
    0x08000bc8   0x08000bc8   0x00000008   Code   RO         9953    .text               c_w.l(rt_heap_descriptor_intlibspace.o)
    0x08000bd0   0x08000bd0   0x00000004   Code   RO         9955    .text               c_w.l(hguard.o)
    0x08000bd4   0x08000bd4   0x0000008a   Code   RO         9957    .text               c_w.l(init_alloc.o)
    0x08000c5e   0x08000c5e   0x0000005e   Code   RO         9963    .text               c_w.l(h1_alloc.o)
    0x08000cbc   0x08000cbc   0x000000f8   Code   RO         9979    .text               c_w.l(fseek.o)
    0x08000db4   0x08000db4   0x000000f0   Code   RO         9981    .text               c_w.l(stdio.o)
    0x08000ea4   0x08000ea4   0x0000000a   Code   RO         9987    .text               c_w.l(defsig_exit.o)
    0x08000eae   0x08000eae   0x00000002   PAD
    0x08000eb0   0x08000eb0   0x00000034   Code   RO         9991    .text               c_w.l(defsig_rtred_inner.o)
    0x08000ee4   0x08000ee4   0x0000000c   Code   RO         9999    .text               c_w.l(sys_exit.o)
    0x08000ef0   0x08000ef0   0x0000000e   Code   RO        10010    .text               c_w.l(h1_init.o)
    0x08000efe   0x08000efe   0x00000034   Code   RO        10012    .text               c_w.l(h1_extend.o)
    0x08000f32   0x08000f32   0x00000042   Code   RO        10022    .text               c_w.l(ftell.o)
    0x08000f74   0x08000f74   0x00000032   Code   RO        10030    .text               c_w.l(defsig_general.o)
    0x08000fa6   0x08000fa6   0x0000000e   Code   RO        10032    .text               c_w.l(defsig_rtmem_outer.o)
    0x08000fb4   0x08000fb4   0x0000000e   Code   RO        10045    .text               c_w.l(sys_wrch.o)
    0x08000fc2   0x08000fc2   0x00000002   Code   RO        10049    .text               c_w.l(use_no_semi.o)
    0x08000fc4   0x08000fc4   0x00000000   Code   RO        10051    .text               c_w.l(indicate_semi.o)
    0x08000fc4   0x08000fc4   0x00000050   Code   RO        10056    .text               c_w.l(defsig_rtmem_inner.o)
    0x08001014   0x08001014   0x00000002   Code   RO          189    i.BusFault_Handler  stm32f7xx_it.o
    0x08001016   0x08001016   0x00000002   Code   RO          190    i.DebugMon_Handler  stm32f7xx_it.o
    0x08001018   0x08001018   0x00000024   Code   RO         1764    i.HAL_Delay         stm32f7xx_hal.o
    0x0800103c   0x0800103c   0x000001d8   Code   RO         1331    i.HAL_GPIO_Init     stm32f7xx_hal_gpio.o
    0x08001214   0x08001214   0x0000000c   Code   RO         1772    i.HAL_GetTick       stm32f7xx_hal.o
    0x08001220   0x08001220   0x00000010   Code   RO         1778    i.HAL_IncTick       stm32f7xx_hal.o
    0x08001230   0x08001230   0x0000002c   Code   RO         1779    i.HAL_Init          stm32f7xx_hal.o
    0x0800125c   0x0800125c   0x00000040   Code   RO         1780    i.HAL_InitTick      stm32f7xx_hal.o
    0x0800129c   0x0800129c   0x00000040   Code   RO          337    i.HAL_MspInit       stm32f7xx_hal_msp.o
    0x080012dc   0x080012dc   0x0000001a   Code   RO          378    i.HAL_NVIC_EnableIRQ  stm32f7xx_hal_cortex.o
    0x080012f6   0x080012f6   0x00000002   PAD
    0x080012f8   0x080012f8   0x00000040   Code   RO          384    i.HAL_NVIC_SetPriority  stm32f7xx_hal_cortex.o
    0x08001338   0x08001338   0x00000024   Code   RO          385    i.HAL_NVIC_SetPriorityGrouping  stm32f7xx_hal_cortex.o
    0x0800135c   0x0800135c   0x0000006c   Code   RO         1671    i.HAL_PWREx_EnableOverDrive  stm32f7xx_hal_pwr_ex.o
    0x080013c8   0x080013c8   0x000004fc   Code   RO         1092    i.HAL_RCCEx_PeriphCLKConfig  stm32f7xx_hal_rcc_ex.o
    0x080018c4   0x080018c4   0x00000130   Code   RO          985    i.HAL_RCC_ClockConfig  stm32f7xx_hal_rcc.o
    0x080019f4   0x080019f4   0x00000020   Code   RO          992    i.HAL_RCC_GetPCLK1Freq  stm32f7xx_hal_rcc.o
    0x08001a14   0x08001a14   0x00000020   Code   RO          993    i.HAL_RCC_GetPCLK2Freq  stm32f7xx_hal_rcc.o
    0x08001a34   0x08001a34   0x00000064   Code   RO          994    i.HAL_RCC_GetSysClockFreq  stm32f7xx_hal_rcc.o
    0x08001a98   0x08001a98   0x00000384   Code   RO          997    i.HAL_RCC_OscConfig  stm32f7xx_hal_rcc.o
    0x08001e1c   0x08001e1c   0x00000026   Code   RO          389    i.HAL_SYSTICK_Config  stm32f7xx_hal_cortex.o
    0x08001e42   0x08001e42   0x00000066   Code   RO          573    i.HAL_UART_Init     stm32f7xx_hal_uart.o
    0x08001ea8   0x08001ea8   0x00000084   Code   RO          339    i.HAL_UART_MspInit  stm32f7xx_hal_msp.o
    0x08001f2c   0x08001f2c   0x000000b8   Code   RO          582    i.HAL_UART_Transmit  stm32f7xx_hal_uart.o
    0x08001fe4   0x08001fe4   0x00000002   Code   RO          191    i.HardFault_Handler  stm32f7xx_it.o
    0x08001fe6   0x08001fe6   0x00000002   PAD
    0x08001fe8   0x08001fe8   0x00000038   Code   RO           14    i.MX_USART1_UART_Init  main.o
    0x08002020   0x08002020   0x00000002   Code   RO          192    i.MemManage_Handler  stm32f7xx_it.o
    0x08002022   0x08002022   0x00000002   Code   RO          193    i.NMI_Handler       stm32f7xx_it.o
    0x08002024   0x08002024   0x00000002   Code   RO          194    i.PendSV_Handler    stm32f7xx_it.o
    0x08002026   0x08002026   0x00000002   Code   RO          195    i.RCC_IRQHandler    stm32f7xx_it.o
    0x08002028   0x08002028   0x00000002   Code   RO          196    i.SVC_Handler       stm32f7xx_it.o
    0x0800202a   0x0800202a   0x00000004   Code   RO          197    i.SysTick_Handler   stm32f7xx_it.o
    0x0800202e   0x0800202e   0x00000002   PAD
    0x08002030   0x08002030   0x000000b8   Code   RO           15    i.SystemClock_Config  main.o
    0x080020e8   0x080020e8   0x00000010   Code   RO         2520    i.SystemInit        system_stm32f7xx.o
    0x080020f8   0x080020f8   0x000000c8   Code   RO          587    i.UART_AdvFeatureConfig  stm32f7xx_hal_uart.o
    0x080021c0   0x080021c0   0x00000040   Code   RO          588    i.UART_CheckIdleState  stm32f7xx_hal_uart.o
    0x08002200   0x08002200   0x00000234   Code   RO          603    i.UART_SetConfig    stm32f7xx_hal_uart.o
    0x08002434   0x08002434   0x000000a4   Code   RO          608    i.UART_WaitOnFlagUntilTimeout  stm32f7xx_hal_uart.o
    0x080024d8   0x080024d8   0x00000002   Code   RO          198    i.UsageFault_Handler  stm32f7xx_it.o
    0x080024da   0x080024da   0x00000022   Code   RO          391    i.__NVIC_SetPriority  stm32f7xx_hal_cortex.o
    0x080024fc   0x080024fc   0x00000018   Code   RO         9427    i._sys_close        retarget_io.o
    0x08002514   0x08002514   0x0000000c   Code   RO         9428    i._sys_flen         retarget_io.o
    0x08002520   0x08002520   0x00000018   Code   RO         9429    i._sys_istty        retarget_io.o
    0x08002538   0x08002538   0x0000005c   Code   RO         9430    i._sys_open         retarget_io.o
    0x08002594   0x08002594   0x0000000a   Code   RO         9432    i._sys_seek         retarget_io.o
    0x0800259e   0x0800259e   0x0000002e   Code   RO         9433    i._sys_write        retarget_io.o
    0x080025cc   0x080025cc   0x0000001a   Code   RO         9776    i.fputc             c_w.l(fputc.o)
    0x080025e6   0x080025e6   0x00000002   PAD
    0x080025e8   0x080025e8   0x00000100   Code   RO           16    i.main              main.o
    0x080026e8   0x080026e8   0x00000018   Code   RO           17    i.stdout_putchar    main.o
    0x08002700   0x08002700   0x0000000a   Code   RO         9997    x$fpl$fpinit        fz_wm.l(fpinit.o)
    0x0800270a   0x0800270a   0x00000010   Data   RO         2521    .constdata          system_stm32f7xx.o
    0x0800271a   0x0800271a   0x00000008   Data   RO         2522    .constdata          system_stm32f7xx.o
    0x08002722   0x08002722   0x00000007   Data   RO         9434    .constdata          retarget_io.o
    0x08002729   0x08002729   0x00000008   Data   RO         9435    .constdata          retarget_io.o
    0x08002731   0x08002731   0x00000008   Data   RO         9436    .constdata          retarget_io.o
    0x08002739   0x08002739   0x00000003   PAD
    0x0800273c   0x0800273c   0x00000020   Data   RO        10079    Region$$Table       anon$$obj.o


    Execution Region RW_IRAM1 (Exec base: 0x20000000, Load base: 0x0800275c, Size: 0x00000800, Max: 0x00050000, ABSOLUTE)

    Exec Addr    Load Addr    Size         Type   Attr      Idx    E Section Name        Object

    0x20000000   0x0800275c   0x0000000c   Data   RW         1786    .data               stm32f7xx_hal.o
    0x2000000c   0x08002768   0x00000004   Data   RW         2523    .data               system_stm32f7xx.o
    0x20000010   0x0800276c   0x00000004   Data   RW         9696    .data               c_w.l(stdio_streams.o)
    0x20000014   0x08002770   0x00000004   Data   RW         9697    .data               c_w.l(stdio_streams.o)
    0x20000018   0x08002774   0x00000004   Data   RW         9698    .data               c_w.l(stdio_streams.o)
    0x2000001c        -       0x00000084   Zero   RW           18    .bss                main.o
    0x200000a0        -       0x00000054   Zero   RW         9693    .bss                c_w.l(stdio_streams.o)
    0x200000f4        -       0x00000054   Zero   RW         9694    .bss                c_w.l(stdio_streams.o)
    0x20000148        -       0x00000054   Zero   RW         9695    .bss                c_w.l(stdio_streams.o)
    0x2000019c        -       0x00000060   Zero   RW         9788    .bss                c_w.l(libspace.o)
    0x200001fc   0x08002778   0x00000004   PAD
    0x20000200        -       0x00000200   Zero   RW            2    HEAP                startup_stm32f746xx.o
    0x20000400        -       0x00000400   Zero   RW            1    STACK               startup_stm32f746xx.o


==============================================================================

Image component sizes


      Code (inc. data)   RO Data    RW Data    ZI Data      Debug   Object Name

       520         60          0          0        132     788294   main.o
       208         24         23          0          0       5282   retarget_io.o
        64         26        456          0       1536        832   startup_stm32f746xx.o
       172         28          0         12          0       8965   stm32f7xx_hal.o
       198         12          0          0          0      38819   stm32f7xx_hal_cortex.o
       472         52          0          0          0       1884   stm32f7xx_hal_gpio.o
       196         20          0          0          0       1605   stm32f7xx_hal_msp.o
       108          8          0          0          0       1248   stm32f7xx_hal_pwr_ex.o
      1368         68          0          0          0       5124   stm32f7xx_hal_rcc.o
      1276         16          0          0          0       2268   stm32f7xx_hal_rcc_ex.o
      1278         66          0          0          0       6153   stm32f7xx_hal_uart.o
        22          0          0          0          0     142867   stm32f7xx_it.o
        16          4         24          4          0       1147   system_stm32f7xx.o

    ----------------------------------------------------------------------
      5904        384        538         16       1668    1004488   Object Totals
         0          0         32          0          0          0   (incl. Generated)
         6          0          3          0          0          0   (incl. Padding)

    ----------------------------------------------------------------------

      Code (inc. data)   RO Data    RW Data    ZI Data      Debug   Library Member Name

         8          0          0          0          0         68   __main.o
       104          0          0          0          0         84   __printf.o
         0          0          0          0          0          0   __rtentry.o
        12          0          0          0          0          0   __rtentry2.o
         6          0          0          0          0          0   __rtentry4.o
        52          8          0          0          0          0   __scatter.o
        26          0          0          0          0          0   __scatter_copy.o
        28          0          0          0          0          0   __scatter_zi.o
        48          6          0          0          0         96   _printf_char_common.o
        36          4          0          0          0         80   _printf_char_file.o
         6          0          0          0          0          0   _printf_d.o
       120         16          0          0          0         92   _printf_dec.o
       178          0          0          0          0         88   _printf_intcommon.o
         0          0          0          0          0          0   _printf_percent.o
         4          0          0          0          0          0   _printf_percent_end.o
        10          0          0          0          0         68   defsig_exit.o
        50          0          0          0          0         88   defsig_general.o
        80         58          0          0          0         76   defsig_rtmem_inner.o
        14          0          0          0          0         80   defsig_rtmem_outer.o
        52         38          0          0          0         76   defsig_rtred_inner.o
        14          0          0          0          0         80   defsig_rtred_outer.o
        18          0          0          0          0         80   exit.o
        76          0          0          0          0         88   fclose.o
         8          0          0          0          0         68   ferror.o
       470          0          0          0          0         88   flsbuf.o
       236          4          0          0          0        128   fopen.o
        26          0          0          0          0         68   fputc.o
       248          6          0          0          0         84   fseek.o
        66          0          0          0          0         76   ftell.o
        94          0          0          0          0         80   h1_alloc.o
        52          0          0          0          0         68   h1_extend.o
        78          0          0          0          0         80   h1_free.o
        14          0          0          0          0         84   h1_init.o
         6          0          0          0          0        152   heapauxi.o
         4          0          0          0          0        136   hguard.o
         0          0          0          0          0          0   indicate_semi.o
       138          0          0          0          0        168   init_alloc.o
       312         46          0          0          0        112   initio.o
         2          0          0          0          0          0   libinit.o
        18          0          0          0          0          0   libinit2.o
         2          0          0          0          0          0   libshutdown.o
         6          0          0          0          0          0   libshutdown2.o
         8          4          0          0         96         68   libspace.o
       238          0          0          0          0        100   lludivv7m.o
         0          0          0          0          0          0   maybetermalloc1.o
        24          4          0          0          0         84   noretval__2printf.o
         8          4          0          0          0         68   rt_errno_addr_intlibspace.o
         8          4          0          0          0         68   rt_heap_descriptor_intlibspace.o
        78          0          0          0          0         80   rt_memclr_w.o
         2          0          0          0          0          0   rtexit.o
        10          0          0          0          0          0   rtexit2.o
        70          0          0          0          0         80   setvbuf.o
       240          6          0          0          0        156   stdio.o
         0          0          0         12        252          0   stdio_streams.o
       104          0          0          0          0         68   strcmpv7m_pel.o
        12          4          0          0          0         68   sys_exit.o
        74          0          0          0          0         80   sys_stackheap_outer.o
        14          0          0          0          0         76   sys_wrch.o
         2          0          0          0          0         68   use_no_semi.o
        10          0          0          0          0        116   fpinit.o

    ----------------------------------------------------------------------
      3634        212          0         12        352       3716   Library Totals
        10          0          0          0          4          0   (incl. Padding)

    ----------------------------------------------------------------------

      Code (inc. data)   RO Data    RW Data    ZI Data      Debug   Library Name

      3614        212          0         12        348       3600   c_w.l
        10          0          0          0          0        116   fz_wm.l

    ----------------------------------------------------------------------
      3634        212          0         12        352       3716   Library Totals

    ----------------------------------------------------------------------

==============================================================================


      Code (inc. data)   RO Data    RW Data    ZI Data      Debug   

      9538        596        538         28       2020    1002128   Grand Totals
      9538        596        538         28       2020    1002128   ELF Image Totals
      9538        596        538         28          0          0   ROM Totals

==============================================================================

    Total RO  Size (Code + RO Data)                10076 (   9.84kB)
    Total RW  Size (RW Data + ZI Data)              2048 (   2.00kB)
    Total ROM Size (Code + RO Data + RW Data)      10104 (   9.87kB)

==============================================================================

